Return-Path: <alsa-devel-bounces@alsa-project.org>
X-Original-To: lists+alsa-devel@lfdr.de
Delivered-To: lists+alsa-devel@lfdr.de
Received: from alsa0.perex.cz (alsa0.perex.cz [77.48.224.243])
	by mail.lfdr.de (Postfix) with ESMTPS id B32941C0349
	for <lists+alsa-devel@lfdr.de>; Thu, 30 Apr 2020 18:58:27 +0200 (CEST)
Received: from alsa1.perex.cz (alsa1.perex.cz [207.180.221.201])
	(using TLSv1.2 with cipher AECDH-AES256-SHA (256/256 bits))
	(No client certificate requested)
	by alsa0.perex.cz (Postfix) with ESMTPS id BDFD31690;
	Thu, 30 Apr 2020 18:57:36 +0200 (CEST)
DKIM-Filter: OpenDKIM Filter v2.11.0 alsa0.perex.cz BDFD31690
DKIM-Signature: v=1; a=rsa-sha256; c=relaxed/simple; d=alsa-project.org;
	s=default; t=1588265907;
	bh=rRRyYA2zQFSPNvWHDHrQsUxr9xOt5FGIfH7KlBJgxIQ=;
	h=Date:From:To:Subject:References:In-Reply-To:Cc:List-Id:
	 List-Unsubscribe:List-Archive:List-Post:List-Help:List-Subscribe:
	 From;
	b=Ge7LHNVp4pcUUG5hEjripHdPYOEKgM9zRwhSF1ukyHTisZUauO2xIILv4/Nbxqjxp
	 FmL6Dwt/QogUVHmtCbK9KeIE8t5cwHXAGtY9q4XwOyeZMcZGiYA5F0Mb8d6PWb1YjR
	 XnBBvyfq5tqx0Bq6WOlFXudXBLQ3AyLyx4fm+3+0=
Received: from alsa1.perex.cz (localhost.localdomain [127.0.0.1])
	by alsa1.perex.cz (Postfix) with ESMTP id 71137F802BD;
	Thu, 30 Apr 2020 18:53:52 +0200 (CEST)
X-Original-To: alsa-devel@alsa-project.org
Delivered-To: alsa-devel@alsa-project.org
Received: by alsa1.perex.cz (Postfix, from userid 50401)
 id 8BA2DF8022B; Wed, 29 Apr 2020 17:27:59 +0200 (CEST)
X-Spam-Checker-Version: SpamAssassin 3.4.0 (2014-02-07) on alsa1.perex.cz
X-Spam-Level: *
X-Spam-Status: No, score=1.5 required=5.0 tests=MSGID_FROM_MTA_HEADER,
 PRX_BODY_13,PRX_BODY_30,RCVD_IN_MSPIKE_H2,SPF_HELO_PASS,SPF_PASS,
 URIBL_BLOCKED autolearn=disabled version=3.4.0
Received: from APC01-PU1-obe.outbound.protection.outlook.com
 (mail-oln040092254065.outbound.protection.outlook.com [40.92.254.65])
 (using TLSv1.2 with cipher ECDHE-RSA-AES256-GCM-SHA384 (256/256 bits))
 (No client certificate requested)
 by alsa1.perex.cz (Postfix) with ESMTPS id 7A8EDF800D2
 for <alsa-devel@alsa-project.org>; Wed, 29 Apr 2020 17:27:34 +0200 (CEST)
DKIM-Filter: OpenDKIM Filter v2.11.0 alsa1.perex.cz 7A8EDF800D2
ARC-Seal: i=1; a=rsa-sha256; s=arcselector9901; d=microsoft.com; cv=none;
 b=WZFaz5MeldVZ8JWTb0cMI0Daoe5znG6q+2RU6ZpN1UaW6DBHw8sFfGC4EspGQvb6jh80U57u2QUCLCKcIBUt0AoBBkDQXthSaK7ZoGSekm+a+mYJkE12wvL4H78b3fKF1gsWChhqvrtf6hfd815QeP7sWFZcho4Fkx90lDuOt6rzcF03C6kJPv44PgwdOLr9Jrfy31wyVdiG/LCeqt365C4LUtQlCA67F851n5K8xJLuMh8HrCu24cyPEPz0SP+FsvkzL0tpsVGe/MRZyIuVX0+DTrqMJHjL5HcLqw91vs0JYTF0H/dJpvvlBSi/V/Rkb2ZHIhmo4uSd1+6nQ2ckmg==
ARC-Message-Signature: i=1; a=rsa-sha256; c=relaxed/relaxed; d=microsoft.com; 
 s=arcselector9901;
 h=From:Date:Subject:Message-ID:Content-Type:MIME-Version:X-MS-Exchange-SenderADCheck;
 bh=fbp7sMIOukGeCrN7L4ls7PkxM20p6alMmGzi3e1yE6I=;
 b=JrC3cVByoIgrucNvul/HI49haoGr5awjjamBBDW+YVtI+V+F3y1fRJ25phspeI35Xk+l0WYuc7iDgmaU4x7WifrwXPzc0gqKYwNuZDtF3Vn0Pl3hkTd+mLZaOyvkGKDX9fuO2CqPDnfvGJHHqRfokmef5oPg3njchicGCw+Bn3FltKmAF/ph4bOyGjPbO0OPUJvl+ghvhEv2ZX9DA1W5QP+3dAPa+vVuzLvQjvp3C3Wic1619z/xFpunPaRV9f7RftxH6KLehXryBFF46x1/b+PJRHBrLWU74lq+hWewBBstp4ZVVVAH+GKpK/8/Xll2ItevcUqPnNGBaHmU8BBYXg==
ARC-Authentication-Results: i=1; mx.microsoft.com 1; spf=pass
 smtp.mailfrom=outlook.com.au; dmarc=pass action=none
 header.from=outlook.com.au; dkim=pass header.d=outlook.com.au; arc=none
Received: from HK2APC01FT026.eop-APC01.prod.protection.outlook.com
 (2a01:111:e400:7ebc::52) by
 HK2APC01HT215.eop-APC01.prod.protection.outlook.com (2a01:111:e400:7ebc::331)
 with Microsoft SMTP Server (version=TLS1_2,
 cipher=TLS_ECDHE_RSA_WITH_AES_256_GCM_SHA384) id 15.20.2958.19; Wed, 29 Apr
 2020 15:27:28 +0000
Received: from PSXP216MB0438.KORP216.PROD.OUTLOOK.COM (10.152.248.53) by
 HK2APC01FT026.mail.protection.outlook.com (10.152.248.174) with Microsoft
 SMTP Server (version=TLS1_2, cipher=TLS_ECDHE_RSA_WITH_AES_256_GCM_SHA384) id
 15.20.2958.19 via Frontend Transport; Wed, 29 Apr 2020 15:27:28 +0000
X-IncomingTopHeaderMarker: OriginalChecksum:77437AE5AD8947952F100961BC12AACD1BF111BCC0B98E7F92E24E9B32A1A42A;
 UpperCasedChecksum:BEED46F3D9FC5B1EB2DC5B858164E79F3A8B413101332CA939F66B39C7975519;
 SizeAsReceived:8660; Count:48
Received: from PSXP216MB0438.KORP216.PROD.OUTLOOK.COM
 ([fe80::21f1:20fb:d1f:8e25]) by PSXP216MB0438.KORP216.PROD.OUTLOOK.COM
 ([fe80::21f1:20fb:d1f:8e25%7]) with mapi id 15.20.2958.019; Wed, 29 Apr 2020
 15:27:28 +0000
Date: Wed, 29 Apr 2020 23:27:17 +0800
From: Nicholas Johnson <nicholas.johnson-opensource@outlook.com.au>
To: Takashi Iwai <tiwai@suse.de>
Subject: Re: [PATCH 0/1] Fiji GPU audio register timeout when in BACO state
Message-ID: <PSXP216MB043822350CDE9E7EEA37730880AD0@PSXP216MB0438.KORP216.PROD.OUTLOOK.COM>
References: <PSXP216MB0438D2AF96CE0D4F83F48C4D80AE0@PSXP216MB0438.KORP216.PROD.OUTLOOK.COM>
 <MN2PR12MB4488E4909C1488FB507E0BF5F7AF0@MN2PR12MB4488.namprd12.prod.outlook.com>
 <s5ho8rdnems.wl-tiwai@suse.de>
 <PSXP216MB04387BF6B5F8DA84749E5D6F80AF0@PSXP216MB0438.KORP216.PROD.OUTLOOK.COM>
 <CADnq5_M=QEqxuCKjb_qZvFSvwM5eLEFfsepxYYXoouFoe5bn7A@mail.gmail.com>
 <s5h4kt4ojrf.wl-tiwai@suse.de>
 <CADnq5_MMQ5_MjEg=bkJJGMJP53RjB3yxvOW0nUDeWxzg3Q0pVQ@mail.gmail.com>
 <s5hv9lkm49n.wl-tiwai@suse.de>
 <PSXP216MB043899DC52E6C6BF728D77CD80AC0@PSXP216MB0438.KORP216.PROD.OUTLOOK.COM>
 <s5ha72ulp2y.wl-tiwai@suse.de>
Content-Type: multipart/mixed; boundary="cNdxnHkX5QqsyA0e"
Content-Disposition: inline
In-Reply-To: <s5ha72ulp2y.wl-tiwai@suse.de>
X-ClientProxiedBy: ME2P282CA0008.AUSP282.PROD.OUTLOOK.COM
 (2603:10c6:220:4d::20) To PSXP216MB0438.KORP216.PROD.OUTLOOK.COM
 (2603:1096:300:d::20)
X-Microsoft-Original-Message-ID: <20200429152717.GA1743@nicholas-dell-linux>
MIME-Version: 1.0
X-MS-Exchange-MessageSentRepresentingType: 1
Received: from nicholas-dell-linux (2001:44b8:605f:11:45ec:d37e:a989:bf24) by
 ME2P282CA0008.AUSP282.PROD.OUTLOOK.COM (2603:10c6:220:4d::20) with Microsoft
 SMTP Server (version=TLS1_2, cipher=TLS_ECDHE_RSA_WITH_AES_256_GCM_SHA384) id
 15.20.2958.19 via Frontend Transport; Wed, 29 Apr 2020 15:27:24 +0000
X-Microsoft-Original-Message-ID: <20200429152717.GA1743@nicholas-dell-linux>
X-TMN: [qXyCUBcBxKrB1PBwQEu8A287XRfH44VkxpEXVegB1xy5kgjWrgIi/Nbudl3Kb2tI]
X-MS-PublicTrafficType: Email
X-IncomingHeaderCount: 48
X-EOPAttributedMessage: 0
X-MS-Office365-Filtering-Correlation-Id: 1c11c05e-2840-400d-46eb-08d7ec51d273
X-MS-TrafficTypeDiagnostic: HK2APC01HT215:
X-Microsoft-Antispam: BCL:0;
X-Microsoft-Antispam-Message-Info: 5z0tGgAJtEvo0HJ5nlGt7NSwDwr72eaKjhL7UUiomOFmVJmVhH+VKKZGQJNDOWn9APMbh1FarOCPFug5namLF7mW2cUcUOr6N2IYOxDh1IItd0TJiFbBQEVpJCXkXtAWGv6J3MJDsELCYam0ak+DGeI2ZChowOJWiGdxHm2/ukT6dQzlA5LQo3smQI0hsLnre6E6RbtEkxVlw7icQt1wjA==
X-Forefront-Antispam-Report: CIP:255.255.255.255; CTRY:; LANG:en; SCL:0; SRV:;
 IPV:NLI; SFV:NSPM; H:PSXP216MB0438.KORP216.PROD.OUTLOOK.COM; PTR:; CAT:NONE;
 SFTY:; SFS:; DIR:OUT; SFP:1901; 
X-MS-Exchange-AntiSpam-MessageData: RcxAYiXOGKDjrC9wLjFssUsGIjYUufl0BF2VK1wrOZkJq76gzzzM4Tl1P3K2bUtk+6ImAQeIW45bFJRkE6wnBYOvj0fvjK+Xy2EAV0850pJpzMkI+WIiYZnZfWbMw3c1uocqsHlXAGIxwKRtJt2TMjlVGMGyfRCyBtS0iMAEvrDUXQ7gMOOumCMQc4lTm3EpRIUIPP6pgM3CURRPXVJm1g==
X-OriginatorOrg: outlook.com
X-MS-Exchange-CrossTenant-Network-Message-Id: 1c11c05e-2840-400d-46eb-08d7ec51d273
X-MS-Exchange-CrossTenant-OriginalArrivalTime: 29 Apr 2020 15:27:27.9033 (UTC)
X-MS-Exchange-CrossTenant-FromEntityHeader: Hosted
X-MS-Exchange-CrossTenant-Id: 84df9e7f-e9f6-40af-b435-aaaaaaaaaaaa
X-MS-Exchange-CrossTenant-FromEntityHeader: Internet
X-MS-Exchange-CrossTenant-RMS-PersistedConsumerOrg: 00000000-0000-0000-0000-000000000000
X-MS-Exchange-Transport-CrossTenantHeadersStamped: HK2APC01HT215
X-Mailman-Approved-At: Thu, 30 Apr 2020 18:53:43 +0200
Cc: "Zhou, David\(ChunMing\)" <David1.Zhou@amd.com>,
 "alsa-devel@alsa-project.org" <alsa-devel@alsa-project.org>,
 "linux-kernel@vger.kernel.org" <linux-kernel@vger.kernel.org>,
 "amd-gfx@lists.freedesktop.org" <amd-gfx@lists.freedesktop.org>,
 Takashi Iwai <tiwai@suse.com>, "Deucher,
 Alexander" <Alexander.Deucher@amd.com>, Lukas Wunner <lukas@wunner.de>,
 Alex Deucher <alexdeucher@gmail.com>, "Koenig,
 Christian" <Christian.Koenig@amd.com>
X-BeenThere: alsa-devel@alsa-project.org
X-Mailman-Version: 2.1.15
Precedence: list
List-Id: "Alsa-devel mailing list for ALSA developers -
 http://www.alsa-project.org" <alsa-devel.alsa-project.org>
List-Unsubscribe: <https://mailman.alsa-project.org/mailman/options/alsa-devel>, 
 <mailto:alsa-devel-request@alsa-project.org?subject=unsubscribe>
List-Archive: <http://mailman.alsa-project.org/pipermail/alsa-devel/>
List-Post: <mailto:alsa-devel@alsa-project.org>
List-Help: <mailto:alsa-devel-request@alsa-project.org?subject=help>
List-Subscribe: <https://mailman.alsa-project.org/mailman/listinfo/alsa-devel>, 
 <mailto:alsa-devel-request@alsa-project.org?subject=subscribe>
Errors-To: alsa-devel-bounces@alsa-project.org
Sender: "Alsa-devel" <alsa-devel-bounces@alsa-project.org>

--cNdxnHkX5QqsyA0e
Content-Type: text/plain; charset=us-ascii
Content-Disposition: inline

On Wed, Apr 29, 2020 at 09:37:41AM +0200, Takashi Iwai wrote:
> On Tue, 28 Apr 2020 16:48:45 +0200,
> Nicholas Johnson wrote:
> > 
> > > > > >
> > > > > > FWIW, I have a fiji board in a desktop system and it worked fine when
> > > > > > this code was enabled.
> > > > >
> > > > > Is the new DC code used for Fiji boards?  IIRC, the audio component
> > > > > binding from amdgpu is enabled only for DC, and without the audio
> > > > > component binding the runtime PM won't be linked up, hence you can't
> > > > > power up GPU from the audio side access automatically.
> > > > >
> > > > 
> > > > Yes, DC is enabled by default for all cards with runtime pm enabled.
> > > 
> > > OK, thanks, I found that amdgpu got bound via component in the dmesg
> > > output, too:
> > > 
> > > [   21.294927] snd_hda_intel 0000:08:00.1: bound 0000:08:00.0 (ops amdgpu_dm_audio_component_bind_ops [amdgpu])
> > > 
> > > This is the place soon after amdgpu driver gets initialized.
> > > Then we see later another initialization phase:
> > > 
> > > [   26.904127] rfkill: input handler enabled
> > > [   37.264152] [drm] PCIE GART of 1024M enabled (table at 0x000000F400000000).
> > > 
> > > here shows 10 seconds between them.  Then, it complained something:
> > > 
> > > 
> > > [   37.363287] [drm] UVD initialized successfully.
> > > [   37.473340] [drm] VCE initialized successfully.
> > > [   37.477942] amdgpu 0000:08:00.0: [drm] Cannot find any crtc or sizes
> > 
> > The above would be me hitting WindowsKey+P to change screens, but with 
> > no DisplayPort attached to Fiji, hence it unable to find crtc.
> > 
> > > 
> > > ... and go further, and hitting HD-audio error:
> > > 
> > That would be me having attached the DisplayPort and done WindowsKey+P 
> > again.
> > 
> > > [   38.936624] [drm] fb mappable at 0x4B0696000
> > > [   38.936626] [drm] vram apper at 0x4B0000000
> > > [   38.936626] [drm] size 33177600
> > > [   38.936627] [drm] fb depth is 24
> > > [   38.936627] [drm]    pitch is 15360
> > > [   38.936673] amdgpu 0000:08:00.0: fb1: amdgpudrmfb frame buffer device
> > > [   40.092223] snd_hda_intel 0000:08:00.1: azx_get_response timeout, switching to polling mode: last cmd=0x00170500
> > > 
> > > After this point, HD-audio communication was screwed up.
> > > 
> > > This lastcmd in the above message is AC_SET_POWER_STATE verb for the
> > > root node to D0, so the very first command to power up the codec. 
> > > The rest commands are also about the power up of each node, so the
> > > whole error indicate that the power up at runtime resume failed.
> > > 
> > > So, this looks to me as if the device gets runtime-resumed at the bad
> > > moment?
> > It does. However, this is not going to be easy to pin down.
> > 
> > I moved from Arch to Ubuntu, and it behaves differently. I cannot 
> > trigger the bug in Ubuntu. Plus, it puts the GPUs asleep, even if 
> > attached at boot, unlike Arch. I will continue to try to trigger it. But 
> > even if this is a problem with the Linux distribution, it should not be 
> > able to trigger a kernel mode bug, so we should persist with finding it.
> 
> Sure, that's a bug to be fixed.
> 
> This made me thinking what happens if we load the HD-audio driver very
> late.  Could you try to blacklist snd-hda-intel module, then load it
> manually after plugging the DP monitor and activating it?
Attached dmesg-blacklist-*

It is interesting. If I enable the monitor with the module unloaded, and 
then load the module, I cannot trigger the bug, even if disabling the 
monitor, waiting for GPU to sleep, and then waking again.

Even if I wake monitor up, put to sleep again, and then insmod when 
sleeping, it does not cause bug when waking again.

Is there anything special about the first time the monitor is used?

> 
> Also, could you track who called the problematic power-up sequence,
> e.g. by adding WARN_ON_ONCE()?
Attached dmesg-warning

> 
> Last but not least, please check /proc/asound/card1/eld#* files (there
> are both card0 and card1 or such that contain eld#* files, and one is
> for i915 and another for amdgpu) before and after plugging.  This
> shows whether the audio connection was recognized or not.
Before plugging: card not yet attached, so the sysfs for that card not 
yet created

After plugging (and insmod snd-hda-intel.ko):
codec#0  codec#2  eld#2.0  eld#2.1  eld#2.2  eld#2.3  eld#2.4  eld#2.5  eld#2.6  eld#2.7  eld#2.8  id  pcm0c  pcm0p  pcm10p  pcm3p  pcm7p  pcm8p  pcm9p

Regards,
Nicholas

> 
> 
> thanks,
> 
> Takashi
> 
> --- a/sound/hda/hdac_controller.c
> +++ b/sound/hda/hdac_controller.c
> @@ -224,6 +224,7 @@ void snd_hdac_bus_update_rirb(struct hdac_bus *bus)
>  			dev_err_ratelimited(bus->dev,
>  				"spurious response %#x:%#x, last cmd=%#08x\n",
>  				res, res_ex, bus->last_cmd[addr]);
> +			WARN_ON_ONCE(1);
>  		}
>  	}
>  }

--cNdxnHkX5QqsyA0e
Content-Type: text/plain; charset=us-ascii
Content-Disposition: attachment; filename=dmesg-warning
Content-Transfer-Encoding: quoted-printable

[    0.000000] microcode: microcode updated early to revision 0xca, date =
=3D 2019-10-03
[    0.000000] Linux version 5.7.0-rc3+ (nicholas@nicholas-dell-linux) (gcc=
 version 9.3.0 (Arch Linux 9.3.0-1), GNU ld (GNU Binutils) 2.34) #7 SMP Tue=
 Apr 28 09:55:03 AWST 2020
[    0.000000] Command line: BOOT_IMAGE=3D/boot/vmlinuz-5.7-rc3 root=3DUUID=
=3De9880a1b-a4f2-4779-8a98-6c1bee968ebe rw sysrq_always_enabled audit=3D0 p=
cie_ports=3Dnative pci=3Dassign-busses,hpbussize=3D0x33,hpmemsize=3D16K,hpi=
osize=3D0,hpmmiosize=3D400M,hpmmioprefsize=3D64G,nocrs,realloc intel_iommu=
=3Don iommu=3Don video=3Dvesafb:off
[    0.000000] KERNEL supported cpus:
[    0.000000]   Intel GenuineIntel
[    0.000000]   AMD AuthenticAMD
[    0.000000]   Hygon HygonGenuine
[    0.000000]   Centaur CentaurHauls
[    0.000000]   zhaoxin   Shanghai =20
[    0.000000] x86/fpu: Supporting XSAVE feature 0x001: 'x87 floating point=
 registers'
[    0.000000] x86/fpu: Supporting XSAVE feature 0x002: 'SSE registers'
[    0.000000] x86/fpu: Supporting XSAVE feature 0x004: 'AVX registers'
[    0.000000] x86/fpu: Supporting XSAVE feature 0x008: 'MPX bounds registe=
rs'
[    0.000000] x86/fpu: Supporting XSAVE feature 0x010: 'MPX CSR'
[    0.000000] x86/fpu: xstate_offset[2]:  576, xstate_sizes[2]:  256
[    0.000000] x86/fpu: xstate_offset[3]:  832, xstate_sizes[3]:   64
[    0.000000] x86/fpu: xstate_offset[4]:  896, xstate_sizes[4]:   64
[    0.000000] x86/fpu: Enabled xstate features 0x1f, context size is 960 b=
ytes, using 'compacted' format.
[    0.000000] BIOS-provided physical RAM map:
[    0.000000] BIOS-e820: [mem 0x0000000000000000-0x0000000000057fff] usabl=
e
[    0.000000] BIOS-e820: [mem 0x0000000000058000-0x0000000000058fff] reser=
ved
[    0.000000] BIOS-e820: [mem 0x0000000000059000-0x000000000009dfff] usabl=
e
[    0.000000] BIOS-e820: [mem 0x000000000009e000-0x00000000000fffff] reser=
ved
[    0.000000] BIOS-e820: [mem 0x0000000000100000-0x000000002bd32fff] usabl=
e
[    0.000000] BIOS-e820: [mem 0x000000002bd33000-0x000000002bd33fff] ACPI =
NVS
[    0.000000] BIOS-e820: [mem 0x000000002bd34000-0x000000002bd34fff] reser=
ved
[    0.000000] BIOS-e820: [mem 0x000000002bd35000-0x000000003d383fff] usabl=
e
[    0.000000] BIOS-e820: [mem 0x000000003d384000-0x000000003d743fff] reser=
ved
[    0.000000] BIOS-e820: [mem 0x000000003d744000-0x000000003d7b4fff] ACPI =
data
[    0.000000] BIOS-e820: [mem 0x000000003d7b5000-0x000000003de6cfff] ACPI =
NVS
[    0.000000] BIOS-e820: [mem 0x000000003de6d000-0x000000003ff25fff] reser=
ved
[    0.000000] BIOS-e820: [mem 0x000000003ff26000-0x000000003fffefff] type =
20
[    0.000000] BIOS-e820: [mem 0x000000003ffff000-0x000000003fffffff] usabl=
e
[    0.000000] BIOS-e820: [mem 0x0000000040000000-0x0000000047ffffff] reser=
ved
[    0.000000] BIOS-e820: [mem 0x0000000048000000-0x0000000048dfffff] usabl=
e
[    0.000000] BIOS-e820: [mem 0x0000000048e00000-0x000000004f7fffff] reser=
ved
[    0.000000] BIOS-e820: [mem 0x00000000e0000000-0x00000000efffffff] reser=
ved
[    0.000000] BIOS-e820: [mem 0x00000000fe000000-0x00000000fe010fff] reser=
ved
[    0.000000] BIOS-e820: [mem 0x00000000fec00000-0x00000000fec00fff] reser=
ved
[    0.000000] BIOS-e820: [mem 0x00000000fee00000-0x00000000fee00fff] reser=
ved
[    0.000000] BIOS-e820: [mem 0x00000000ff000000-0x00000000ffffffff] reser=
ved
[    0.000000] BIOS-e820: [mem 0x0000000100000000-0x00000004ae7fffff] usabl=
e
[    0.000000] NX (Execute Disable) protection: active
[    0.000000] efi: EFI v2.40 by American Megatrends
[    0.000000] efi:  ACPI=3D0x3d778000  ACPI 2.0=3D0x3d778000  SMBIOS=3D0xf=
0000  SMBIOS 3.0=3D0xf0020  TPMFinalLog=3D0x3de0e000  ESRT=3D0x3fdb5018  ME=
MATTR=3D0x3a848018=20
[    0.000000] SMBIOS 3.0.0 present.
[    0.000000] DMI: Dell Inc. XPS 13 9370/09DKKT, BIOS 1.11.1 07/11/2019
[    0.000000] tsc: Detected 2100.000 MHz processor
[    0.001024] tsc: Detected 2099.944 MHz TSC
[    0.001024] e820: update [mem 0x00000000-0x00000fff] usable =3D=3D> rese=
rved
[    0.001025] e820: remove [mem 0x000a0000-0x000fffff] usable
[    0.001030] last_pfn =3D 0x4ae800 max_arch_pfn =3D 0x400000000
[    0.001034] MTRR default type: write-back
[    0.001035] MTRR fixed ranges enabled:
[    0.001035]   00000-9FFFF write-back
[    0.001036]   A0000-BFFFF uncachable
[    0.001037]   C0000-FFFFF write-protect
[    0.001037] MTRR variable ranges enabled:
[    0.001038]   0 base 0080000000 mask 7F80000000 uncachable
[    0.001039]   1 base 0060000000 mask 7FE0000000 uncachable
[    0.001039]   2 base 0050000000 mask 7FF0000000 uncachable
[    0.001040]   3 base 004C000000 mask 7FFC000000 uncachable
[    0.001040]   4 base 004B000000 mask 7FFF000000 uncachable
[    0.001040]   5 disabled
[    0.001041]   6 disabled
[    0.001041]   7 disabled
[    0.001041]   8 disabled
[    0.001041]   9 disabled
[    0.001354] x86/PAT: Configuration [0-7]: WB  WC  UC- UC  WB  WP  UC- WT=
 =20
[    0.001748] last_pfn =3D 0x48e00 max_arch_pfn =3D 0x400000000
[    0.007152] esrt: Reserving ESRT space from 0x000000003fdb5018 to 0x0000=
00003fdb5050.
[    0.007156] check: Scanning 1 areas for low memory corruption
[    0.007161] Using GB pages for direct mapping
[    0.007162] BRK [0x322401000, 0x322401fff] PGTABLE
[    0.007163] BRK [0x322402000, 0x322402fff] PGTABLE
[    0.007164] BRK [0x322403000, 0x322403fff] PGTABLE
[    0.007189] BRK [0x322404000, 0x322404fff] PGTABLE
[    0.007190] BRK [0x322405000, 0x322405fff] PGTABLE
[    0.007279] BRK [0x322406000, 0x322406fff] PGTABLE
[    0.007320] BRK [0x322407000, 0x322407fff] PGTABLE
[    0.007340] BRK [0x322408000, 0x322408fff] PGTABLE
[    0.007350] BRK [0x322409000, 0x322409fff] PGTABLE
[    0.007393] Secure boot could not be determined
[    0.007394] RAMDISK: [mem 0x26fbe000-0x27b18fff]
[    0.007399] ACPI: Early table checksum verification disabled
[    0.007403] ACPI: RSDP 0x000000003D778000 000024 (v02 DELL  )
[    0.007405] ACPI: XSDT 0x000000003D7780C8 00010C (v01 DELL   CBX3     01=
072009 AMI  00010013)
[    0.007409] ACPI: FACP 0x000000003D79E9D8 00010C (v05 DELL   CBX3     01=
072009 AMI  00010013)
[    0.007413] ACPI: DSDT 0x000000003D778260 026773 (v02 DELL   CBX3     01=
072009 INTL 20160422)
[    0.007415] ACPI: FACS 0x000000003DE6A180 000040
[    0.007417] ACPI: APIC 0x000000003D79EAE8 0000BC (v03 DELL   CBX3     01=
072009 AMI  00010013)
[    0.007419] ACPI: FPDT 0x000000003D79EBA8 000044 (v01 DELL   CBX3     01=
072009 AMI  00010013)
[    0.007420] ACPI: FIDT 0x000000003D79EBF0 0000AC (v01 DELL   CBX3     01=
072009 AMI  00010013)
[    0.007422] ACPI: MCFG 0x000000003D79ECA0 00003C (v01 DELL   CBX3     01=
072009 MSFT 00000097)
[    0.007424] ACPI: HPET 0x000000003D79ECE0 000038 (v01 DELL   CBX3     01=
072009 AMI. 0005000B)
[    0.007426] ACPI: SSDT 0x000000003D79ED18 000359 (v01 SataRe SataTabl 00=
001000 INTL 20160422)
[    0.007428] ACPI: BOOT 0x000000003D79F078 000028 (v01 DELL   CBX3     01=
072009 AMI  00010013)
[    0.007429] ACPI: SSDT 0x000000003D79F0A0 0012DE (v02 SaSsdt SaSsdt   00=
003000 INTL 20160422)
[    0.007431] ACPI: HPET 0x000000003D7A0380 000038 (v01 INTEL  KBL-ULT  00=
000001 MSFT 0000005F)
[    0.007433] ACPI: SSDT 0x000000003D7A03B8 000CEF (v02 INTEL  xh_rvp07 00=
000000 INTL 20160422)
[    0.007435] ACPI: UEFI 0x000000003D7A10A8 000042 (v01                 00=
000000      00000000)
[    0.007437] ACPI: SSDT 0x000000003D7A10F0 0017AE (v02 CpuRef CpuSsdt  00=
003000 INTL 20160422)
[    0.007439] ACPI: LPIT 0x000000003D7A28A0 000094 (v01 INTEL  KBL-ULT  00=
000000 MSFT 0000005F)
[    0.007441] ACPI: SSDT 0x000000003D7A2938 000161 (v02 INTEL  HdaDsp   00=
000000 INTL 20160422)
[    0.007443] ACPI: SSDT 0x000000003D7A2AA0 00029F (v02 INTEL  sensrhub 00=
000000 INTL 20160422)
[    0.007444] ACPI: SSDT 0x000000003D7A2D40 003002 (v02 INTEL  PtidDevc 00=
001000 INTL 20160422)
[    0.007446] ACPI: SSDT 0x000000003D7A5D48 000517 (v02 INTEL  TbtTypeC 00=
000000 INTL 20160422)
[    0.007448] ACPI: DBGP 0x000000003D7A6260 000034 (v01 INTEL           00=
000002 MSFT 0000005F)
[    0.007450] ACPI: DBG2 0x000000003D7A6298 000054 (v00 INTEL           00=
000002 MSFT 0000005F)
[    0.007452] ACPI: SSDT 0x000000003D7A62F0 000801 (v02 INTEL  UsbCTabl 00=
001000 INTL 20160422)
[    0.007454] ACPI: SSDT 0x000000003D7A6AF8 00CFC3 (v02 DptfTa DptfTabl 00=
001000 INTL 20160422)
[    0.007455] ACPI: MSDM 0x000000003D7B3AC0 000055 (v03 DELL   CBX3     06=
222004 AMI  00010013)
[    0.007457] ACPI: SLIC 0x000000003D7B3B18 000176 (v03 DELL   CBX3     01=
072009 MSFT 00010013)
[    0.007459] ACPI: NHLT 0x000000003D7B3C90 00002D (v00 INTEL  EDK2     00=
000002      01000013)
[    0.007461] ACPI: TPM2 0x000000003D7B3CC0 000034 (v03 DELL   CBX3     00=
000001 AMI  00000000)
[    0.007463] ACPI: ASF! 0x000000003D7B3CF8 0000A0 (v32 INTEL   HCG     00=
000001 TFSM 000F4240)
[    0.007464] ACPI: DMAR 0x000000003D7B3D98 0000F0 (v01 INTEL  KBL      00=
000001 INTL 00000001)
[    0.007466] ACPI: BGRT 0x000000003D7B3E88 000038 (v00                 01=
072009 AMI  00010013)
[    0.007472] ACPI: Local APIC address 0xfee00000
[    0.007624] No NUMA configuration found
[    0.007625] Faking a node at [mem 0x0000000000000000-0x00000004ae7fffff]
[    0.007632] NODE_DATA(0) allocated [mem 0x4ae7d6000-0x4ae7fffff]
[    0.007827] Zone ranges:
[    0.007828]   DMA      [mem 0x0000000000001000-0x0000000000ffffff]
[    0.007829]   DMA32    [mem 0x0000000001000000-0x00000000ffffffff]
[    0.007829]   Normal   [mem 0x0000000100000000-0x00000004ae7fffff]
[    0.007830]   Device   empty
[    0.007831] Movable zone start for each node
[    0.007833] Early memory node ranges
[    0.007834]   node   0: [mem 0x0000000000001000-0x0000000000057fff]
[    0.007835]   node   0: [mem 0x0000000000059000-0x000000000009dfff]
[    0.007835]   node   0: [mem 0x0000000000100000-0x000000002bd32fff]
[    0.007836]   node   0: [mem 0x000000002bd35000-0x000000003d383fff]
[    0.007836]   node   0: [mem 0x000000003ffff000-0x000000003fffffff]
[    0.007837]   node   0: [mem 0x0000000048000000-0x0000000048dfffff]
[    0.007837]   node   0: [mem 0x0000000100000000-0x00000004ae7fffff]
[    0.008118] Zeroed struct page in unavailable ranges: 46817 pages
[    0.008119] Initmem setup node 0 [mem 0x0000000000001000-0x00000004ae7ff=
fff]
[    0.008120] On node 0 totalpages: 4114719
[    0.008121]   DMA zone: 64 pages used for memmap
[    0.008121]   DMA zone: 22 pages reserved
[    0.008122]   DMA zone: 3996 pages, LIFO batch:0
[    0.008158]   DMA32 zone: 3911 pages used for memmap
[    0.008158]   DMA32 zone: 250243 pages, LIFO batch:63
[    0.011048]   Normal zone: 60320 pages used for memmap
[    0.011048]   Normal zone: 3860480 pages, LIFO batch:63
[    0.048165] Reserving Intel graphics memory at [mem 0x4b800000-0x4f7ffff=
f]
[    0.048740] ACPI: PM-Timer IO Port: 0x1808
[    0.048741] ACPI: Local APIC address 0xfee00000
[    0.048746] ACPI: LAPIC_NMI (acpi_id[0x01] high edge lint[0x1])
[    0.048747] ACPI: LAPIC_NMI (acpi_id[0x02] high edge lint[0x1])
[    0.048747] ACPI: LAPIC_NMI (acpi_id[0x03] high edge lint[0x1])
[    0.048748] ACPI: LAPIC_NMI (acpi_id[0x04] high edge lint[0x1])
[    0.048748] ACPI: LAPIC_NMI (acpi_id[0x05] high edge lint[0x1])
[    0.048749] ACPI: LAPIC_NMI (acpi_id[0x06] high edge lint[0x1])
[    0.048750] ACPI: LAPIC_NMI (acpi_id[0x07] high edge lint[0x1])
[    0.048750] ACPI: LAPIC_NMI (acpi_id[0x08] high edge lint[0x1])
[    0.048777] IOAPIC[0]: apic_id 2, version 32, address 0xfec00000, GSI 0-=
119
[    0.048778] ACPI: INT_SRC_OVR (bus 0 bus_irq 0 global_irq 2 dfl dfl)
[    0.048780] ACPI: INT_SRC_OVR (bus 0 bus_irq 9 global_irq 9 high level)
[    0.048781] ACPI: IRQ0 used by override.
[    0.048781] ACPI: IRQ9 used by override.
[    0.048783] Using ACPI (MADT) for SMP configuration information
[    0.048784] ACPI: HPET id: 0x8086a701 base: 0xfed00000
[    0.048789] e820: update [mem 0x39d4d000-0x39dc0fff] usable =3D=3D> rese=
rved
[    0.048795] smpboot: Allowing 8 CPUs, 0 hotplug CPUs
[    0.048811] PM: hibernation: Registered nosave memory: [mem 0x00000000-0=
x00000fff]
[    0.048812] PM: hibernation: Registered nosave memory: [mem 0x00058000-0=
x00058fff]
[    0.048813] PM: hibernation: Registered nosave memory: [mem 0x0009e000-0=
x000fffff]
[    0.048814] PM: hibernation: Registered nosave memory: [mem 0x2bd33000-0=
x2bd33fff]
[    0.048815] PM: hibernation: Registered nosave memory: [mem 0x2bd34000-0=
x2bd34fff]
[    0.048816] PM: hibernation: Registered nosave memory: [mem 0x39d4d000-0=
x39dc0fff]
[    0.048817] PM: hibernation: Registered nosave memory: [mem 0x3d384000-0=
x3d743fff]
[    0.048818] PM: hibernation: Registered nosave memory: [mem 0x3d744000-0=
x3d7b4fff]
[    0.048818] PM: hibernation: Registered nosave memory: [mem 0x3d7b5000-0=
x3de6cfff]
[    0.048819] PM: hibernation: Registered nosave memory: [mem 0x3de6d000-0=
x3ff25fff]
[    0.048820] PM: hibernation: Registered nosave memory: [mem 0x3ff26000-0=
x3fffefff]
[    0.048821] PM: hibernation: Registered nosave memory: [mem 0x40000000-0=
x47ffffff]
[    0.048822] PM: hibernation: Registered nosave memory: [mem 0x48e00000-0=
x4f7fffff]
[    0.048823] PM: hibernation: Registered nosave memory: [mem 0x4f800000-0=
xdfffffff]
[    0.048823] PM: hibernation: Registered nosave memory: [mem 0xe0000000-0=
xefffffff]
[    0.048824] PM: hibernation: Registered nosave memory: [mem 0xf0000000-0=
xfdffffff]
[    0.048824] PM: hibernation: Registered nosave memory: [mem 0xfe000000-0=
xfe010fff]
[    0.048825] PM: hibernation: Registered nosave memory: [mem 0xfe011000-0=
xfebfffff]
[    0.048825] PM: hibernation: Registered nosave memory: [mem 0xfec00000-0=
xfec00fff]
[    0.048826] PM: hibernation: Registered nosave memory: [mem 0xfec01000-0=
xfedfffff]
[    0.048826] PM: hibernation: Registered nosave memory: [mem 0xfee00000-0=
xfee00fff]
[    0.048827] PM: hibernation: Registered nosave memory: [mem 0xfee01000-0=
xfeffffff]
[    0.048827] PM: hibernation: Registered nosave memory: [mem 0xff000000-0=
xffffffff]
[    0.048829] [mem 0x4f800000-0xdfffffff] available for PCI devices
[    0.048829] Booting paravirtualized kernel on bare hardware
[    0.048832] clocksource: refined-jiffies: mask: 0xffffffff max_cycles: 0=
xffffffff, max_idle_ns: 7645519600211568 ns
[    0.048837] setup_percpu: NR_CPUS:8192 nr_cpumask_bits:8 nr_cpu_ids:8 nr=
_node_ids:1
[    0.049035] percpu: Embedded 57 pages/cpu s196608 r8192 d28672 u262144
[    0.049040] pcpu-alloc: s196608 r8192 d28672 u262144 alloc=3D1*2097152
[    0.049040] pcpu-alloc: [0] 0 1 2 3 4 5 6 7=20
[    0.049060] Built 1 zonelists, mobility grouping on.  Total pages: 40504=
02
[    0.049061] Policy zone: Normal
[    0.049062] Kernel command line: BOOT_IMAGE=3D/boot/vmlinuz-5.7-rc3 root=
=3DUUID=3De9880a1b-a4f2-4779-8a98-6c1bee968ebe rw sysrq_always_enabled audi=
t=3D0 pcie_ports=3Dnative pci=3Dassign-busses,hpbussize=3D0x33,hpmemsize=3D=
16K,hpiosize=3D0,hpmmiosize=3D400M,hpmmioprefsize=3D64G,nocrs,realloc intel=
_iommu=3Don iommu=3Don video=3Dvesafb:off
[    0.049108] sysrq: sysrq always enabled.
[    0.049117] audit: disabled (until reboot)
[    0.049167] DMAR: IOMMU enabled
[    0.050259] Dentry cache hash table entries: 2097152 (order: 12, 1677721=
6 bytes, linear)
[    0.050809] Inode-cache hash table entries: 1048576 (order: 11, 8388608 =
bytes, linear)
[    0.050867] mem auto-init: stack:off, heap alloc:on, heap free:off
[    0.097683] Memory: 16014372K/16458876K available (14339K kernel code, 2=
527K rwdata, 4992K rodata, 2588K init, 4988K bss, 444504K reserved, 0K cma-=
reserved)
[    0.097692] random: get_random_u64 called from __kmem_cache_create+0x42/=
0x540 with crng_init=3D0
[    0.097782] SLUB: HWalign=3D64, Order=3D0-3, MinObjects=3D0, CPUs=3D8, N=
odes=3D1
[    0.097793] Kernel/User page tables isolation: enabled
[    0.097809] ftrace: allocating 44939 entries in 176 pages
[    0.110376] ftrace: allocated 176 pages with 3 groups
[    0.110473] rcu: Hierarchical RCU implementation.
[    0.110474] rcu: 	RCU restricting CPUs from NR_CPUS=3D8192 to nr_cpu_ids=
=3D8.
[    0.110475] 	Tasks RCU enabled.
[    0.110475] rcu: RCU calculated value of scheduler-enlistment delay is 2=
5 jiffies.
[    0.110476] rcu: Adjusting geometry for rcu_fanout_leaf=3D16, nr_cpu_ids=
=3D8
[    0.112848] NR_IRQS: 524544, nr_irqs: 2048, preallocated irqs: 16
[    0.113111] random: crng done (trusting CPU's manufacturer)
[    0.113143] spurious 8259A interrupt: IRQ7.
[    0.113167] Console: colour dummy device 80x25
[    0.113324] printk: console [tty0] enabled
[    0.113338] ACPI: Core revision 20200326
[    0.113584] clocksource: hpet: mask: 0xffffffff max_cycles: 0xffffffff, =
max_idle_ns: 79635855245 ns
[    0.113687] APIC: Switch to symmetric I/O mode setup
[    0.113689] DMAR: Host address width 39
[    0.113691] DMAR: DRHD base: 0x000000fed90000 flags: 0x0
[    0.113696] DMAR: dmar0: reg_base_addr fed90000 ver 1:0 cap 1c0000c40660=
462 ecap 19e2ff0505e
[    0.113698] DMAR: DRHD base: 0x000000fed91000 flags: 0x1
[    0.113701] DMAR: dmar1: reg_base_addr fed91000 ver 1:0 cap d2008c406604=
62 ecap f050da
[    0.113703] DMAR: RMRR base: 0x0000003d45f000 end: 0x0000003d47efff
[    0.113705] DMAR: RMRR base: 0x0000004b000000 end: 0x0000004f7fffff
[    0.113707] DMAR: ANDD device: 1 name: \_SB.PCI0.I2C0
[    0.113708] DMAR: ANDD device: 2 name: \_SB.PCI0.I2C1
[    0.113710] DMAR-IR: IOAPIC id 2 under DRHD base  0xfed91000 IOMMU 1
[    0.113711] DMAR-IR: HPET id 0 under DRHD base 0xfed91000
[    0.113712] DMAR-IR: Queued invalidation will be enabled to support x2ap=
ic and Intr-remapping.
[    0.115511] DMAR-IR: Enabled IRQ remapping in x2apic mode
[    0.115513] x2apic enabled
[    0.115525] Switched APIC routing to cluster x2apic.
[    0.119661] ..TIMER: vector=3D0x30 apic1=3D0 pin1=3D2 apic2=3D-1 pin2=3D=
-1
[    0.137762] clocksource: tsc-early: mask: 0xffffffffffffffff max_cycles:=
 0x1e44fb6c2ab, max_idle_ns: 440795206594 ns
[    0.137767] Calibrating delay loop (skipped), value calculated using tim=
er frequency.. 4199.88 BogoMIPS (lpj=3D8399776)
[    0.137770] pid_max: default: 32768 minimum: 301
[    0.139499] LSM: Security Framework initializing
[    0.139506] Yama: becoming mindful.
[    0.139527] AppArmor: AppArmor initialized
[    0.139580] Mount-cache hash table entries: 32768 (order: 6, 262144 byte=
s, linear)
[    0.139612] Mountpoint-cache hash table entries: 32768 (order: 6, 262144=
 bytes, linear)
[    0.139816] mce: CPU0: Thermal monitoring enabled (TM1)
[    0.139833] process: using mwait in idle threads
[    0.139836] Last level iTLB entries: 4KB 64, 2MB 8, 4MB 8
[    0.139837] Last level dTLB entries: 4KB 64, 2MB 0, 4MB 0, 1GB 4
[    0.139840] Spectre V1 : Mitigation: usercopy/swapgs barriers and __user=
 pointer sanitization
[    0.139842] Spectre V2 : Mitigation: Full generic retpoline
[    0.139843] Spectre V2 : Spectre v2 / SpectreRSB mitigation: Filling RSB=
 on context switch
[    0.139844] Spectre V2 : Enabling Restricted Speculation for firmware ca=
lls
[    0.139846] Spectre V2 : mitigation: Enabling conditional Indirect Branc=
h Prediction Barrier
[    0.139848] Spectre V2 : User space: Mitigation: STIBP via seccomp and p=
rctl
[    0.139849] Speculative Store Bypass: Mitigation: Speculative Store Bypa=
ss disabled via prctl and seccomp
[    0.139853] TAA: Mitigation: Clear CPU buffers
[    0.139854] MDS: Mitigation: Clear CPU buffers
[    0.140043] Freeing SMP alternatives memory: 40K
[    0.141828] TSC deadline timer enabled
[    0.141833] smpboot: CPU0: Intel(R) Core(TM) i7-8650U CPU @ 1.90GHz (fam=
ily: 0x6, model: 0x8e, stepping: 0xa)
[    0.141908] Performance Events: PEBS fmt3+, Skylake events, 32-deep LBR,=
 full-width counters, Intel PMU driver.
[    0.141915] ... version:                4
[    0.141915] ... bit width:              48
[    0.141916] ... generic registers:      4
[    0.141917] ... value mask:             0000ffffffffffff
[    0.141918] ... max period:             00007fffffffffff
[    0.141919] ... fixed-purpose events:   3
[    0.141920] ... event mask:             000000070000000f
[    0.141949] rcu: Hierarchical SRCU implementation.
[    0.142722] NMI watchdog: Enabled. Permanently consumes one hw-PMU count=
er.
[    0.142778] smp: Bringing up secondary CPUs ...
[    0.142836] x86: Booting SMP configuration:
[    0.142838] .... node  #0, CPUs:      #1 #2 #3 #4
[    0.146473] MDS CPU bug present and SMT on, data leak possible. See http=
s://www.kernel.org/doc/html/latest/admin-guide/hw-vuln/mds.html for more de=
tails.
[    0.146473] TAA CPU bug present and SMT on, data leak possible. See http=
s://www.kernel.org/doc/html/latest/admin-guide/hw-vuln/tsx_async_abort.html=
 for more details.
[    0.146473]  #5 #6 #7
[    0.146687] smp: Brought up 1 node, 8 CPUs
[    0.146687] smpboot: Max logical packages: 1
[    0.146687] smpboot: Total of 8 processors activated (33599.10 BogoMIPS)
[    0.150180] devtmpfs: initialized
[    0.150180] x86/mm: Memory block size: 128MB
[    0.150812] PM: Registering ACPI NVS region [mem 0x2bd33000-0x2bd33fff] =
(4096 bytes)
[    0.150812] PM: Registering ACPI NVS region [mem 0x3d7b5000-0x3de6cfff] =
(7045120 bytes)
[    0.150812] clocksource: jiffies: mask: 0xffffffff max_cycles: 0xfffffff=
f, max_idle_ns: 7645041785100000 ns
[    0.150812] futex hash table entries: 2048 (order: 5, 131072 bytes, line=
ar)
[    0.150812] pinctrl core: initialized pinctrl subsystem
[    0.150812] PM: RTC time: 09:47:02, date: 2020-04-29
[    0.150812] thermal_sys: Registered thermal governor 'fair_share'
[    0.150812] thermal_sys: Registered thermal governor 'bang_bang'
[    0.150812] thermal_sys: Registered thermal governor 'step_wise'
[    0.150812] thermal_sys: Registered thermal governor 'user_space'
[    0.150812] NET: Registered protocol family 16
[    0.150812] EISA bus registered
[    0.150812] cpuidle: using governor ladder
[    0.150812] cpuidle: using governor menu
[    0.150812] Simple Boot Flag at 0x47 set to 0x80
[    0.150812] ACPI FADT declares the system doesn't support PCIe ASPM, so =
disable it
[    0.150812] ACPI: bus type PCI registered
[    0.150812] acpiphp: ACPI Hot Plug PCI Controller Driver version: 0.5
[    0.150812] PCI: MMCONFIG for domain 0000 [bus 00-ff] at [mem 0xe0000000=
-0xefffffff] (base 0xe0000000)
[    0.150812] PCI: MMCONFIG at [mem 0xe0000000-0xefffffff] reserved in E82=
0
[    0.150812] PCI: Using configuration type 1 for base access
[    0.150812] ENERGY_PERF_BIAS: Set to 'normal', was 'performance'
[    0.153790] HugeTLB registered 1.00 GiB page size, pre-allocated 0 pages
[    0.153790] HugeTLB registered 2.00 MiB page size, pre-allocated 0 pages
[    0.153819] ACPI: Added _OSI(Module Device)
[    0.153820] ACPI: Added _OSI(Processor Device)
[    0.153822] ACPI: Added _OSI(3.0 _SCP Extensions)
[    0.153823] ACPI: Added _OSI(Processor Aggregator Device)
[    0.153824] ACPI: Added _OSI(Linux-Dell-Video)
[    0.153825] ACPI: Added _OSI(Linux-Lenovo-NV-HDMI-Audio)
[    0.153827] ACPI: Added _OSI(Linux-HPI-Hybrid-Graphics)
[    0.188806] ACPI: 11 ACPI AML tables successfully acquired and loaded
[    0.193719] ACPI: [Firmware Bug]: BIOS _OSI(Linux) query ignored
[    0.199556] ACPI: Dynamic OEM Table Load:
[    0.199562] ACPI: SSDT 0xFFFF9FDB9B8F1800 0005EE (v02 PmRef  Cpu0Ist  00=
003000 INTL 20160422)
[    0.200697] ACPI: \_PR_.PR00: _OSC native thermal LVT Acked
[    0.201542] ACPI: Dynamic OEM Table Load:
[    0.201546] ACPI: SSDT 0xFFFF9FDB9B882000 0003FF (v02 PmRef  Cpu0Cst  00=
003001 INTL 20160422)
[    0.202640] ACPI: Dynamic OEM Table Load:
[    0.202644] ACPI: SSDT 0xFFFF9FDB9BB53240 0000BA (v02 PmRef  Cpu0Hwp  00=
003000 INTL 20160422)
[    0.203672] ACPI: Dynamic OEM Table Load:
[    0.203676] ACPI: SSDT 0xFFFF9FDB9B8F1000 000628 (v02 PmRef  HwpLvt   00=
003000 INTL 20160422)
[    0.205016] ACPI: Dynamic OEM Table Load:
[    0.205022] ACPI: SSDT 0xFFFF9FDB9BC29000 000D14 (v02 PmRef  ApIst    00=
003000 INTL 20160422)
[    0.206691] ACPI: Dynamic OEM Table Load:
[    0.206695] ACPI: SSDT 0xFFFF9FDB9B880400 000317 (v02 PmRef  ApHwp    00=
003000 INTL 20160422)
[    0.207829] ACPI: Dynamic OEM Table Load:
[    0.207833] ACPI: SSDT 0xFFFF9FDB9B884000 00030A (v02 PmRef  ApCst    00=
003000 INTL 20160422)
[    0.211074] ACPI: EC: EC started
[    0.211076] ACPI: EC: interrupt blocked
[    0.221834] ACPI: EC: EC_CMD/EC_SC=3D0x934, EC_DATA=3D0x930
[    0.221837] ACPI: \_SB_.PCI0.LPCB.ECDV: Boot DSDT EC used to handle tran=
sactions
[    0.221838] ACPI: Interpreter enabled
[    0.221872] ACPI: (supports S0 S3 S4 S5)
[    0.221873] ACPI: Using IOAPIC for interrupt routing
[    0.221904] PCI: Ignoring host bridge windows from ACPI; if necessary, u=
se "pci=3Duse_crs" and report a bug
[    0.222439] ACPI: Enabled 8 GPEs in block 00 to 7F
[    0.228708] ACPI: Power Resource [WRST] (on)
[    0.246771] ACPI: PCI Root Bridge [PCI0] (domain 0000 [bus 00-fe])
[    0.246777] acpi PNP0A08:00: _OSC: OS supports [ExtendedConfig ASPM Cloc=
kPM Segments MSI HPX-Type3]
[    0.247085] acpi PNP0A08:00: _OSC: platform does not support [PCIeHotplu=
g SHPCHotplug PME AER]
[    0.247378] acpi PNP0A08:00: _OSC: OS now controls [PCIeCapability LTR]
[    0.247379] acpi PNP0A08:00: FADT indicates ASPM is unsupported, using B=
IOS configuration
[    0.247632] acpi PNP0A08:00: host bridge window [io  0x0000-0x0cf7 windo=
w] (ignored)
[    0.247632] acpi PNP0A08:00: host bridge window [io  0x0cf8-0x0cff] (ign=
ored)
[    0.247633] acpi PNP0A08:00: host bridge window [io  0x0d00-0xffff windo=
w] (ignored)
[    0.247634] acpi PNP0A08:00: host bridge window [mem 0x000a0000-0x000bff=
ff window] (ignored)
[    0.247634] acpi PNP0A08:00: host bridge window [mem 0x000c0000-0x000c3f=
ff window] (ignored)
[    0.247635] acpi PNP0A08:00: host bridge window [mem 0x000c4000-0x000c7f=
ff window] (ignored)
[    0.247635] acpi PNP0A08:00: host bridge window [mem 0x000c8000-0x000cbf=
ff window] (ignored)
[    0.247636] acpi PNP0A08:00: host bridge window [mem 0x000cc000-0x000cff=
ff window] (ignored)
[    0.247636] acpi PNP0A08:00: host bridge window [mem 0x000d0000-0x000d3f=
ff window] (ignored)
[    0.247637] acpi PNP0A08:00: host bridge window [mem 0x000d4000-0x000d7f=
ff window] (ignored)
[    0.247638] acpi PNP0A08:00: host bridge window [mem 0x000d8000-0x000dbf=
ff window] (ignored)
[    0.247638] acpi PNP0A08:00: host bridge window [mem 0x000dc000-0x000dff=
ff window] (ignored)
[    0.247639] acpi PNP0A08:00: host bridge window [mem 0x4f800000-0xdfffff=
ff window] (ignored)
[    0.247639] acpi PNP0A08:00: host bridge window [mem 0xfd000000-0xfe7fff=
ff window] (ignored)
[    0.247640] PCI: root bus 00: using default resources
[    0.247969] PCI host bridge to bus 0000:00
[    0.247971] pci_bus 0000:00: root bus resource [io  0x0000-0xffff]
[    0.247972] pci_bus 0000:00: root bus resource [mem 0x00000000-0x7ffffff=
fff]
[    0.247974] pci_bus 0000:00: root bus resource [bus 00-fe]
[    0.247982] pci 0000:00:00.0: [8086:5914] type 00 class 0x060000
[    0.248086] pci 0000:00:02.0: [8086:5917] type 00 class 0x030000
[    0.248096] pci 0000:00:02.0: reg 0x10: [mem 0xdb000000-0xdbffffff 64bit=
]
[    0.248102] pci 0000:00:02.0: reg 0x18: [mem 0x50000000-0x5fffffff 64bit=
 pref]
[    0.248106] pci 0000:00:02.0: reg 0x20: [io  0xf000-0xf03f]
[    0.248118] pci 0000:00:02.0: BAR 2: assigned to efifb
[    0.248232] pci 0000:00:04.0: [8086:1903] type 00 class 0x118000
[    0.248243] pci 0000:00:04.0: reg 0x10: [mem 0xdc320000-0xdc327fff 64bit=
]
[    0.248432] pci 0000:00:14.0: [8086:9d2f] type 00 class 0x0c0330
[    0.248453] pci 0000:00:14.0: reg 0x10: [mem 0xdc310000-0xdc31ffff 64bit=
]
[    0.248509] pci 0000:00:14.0: PME# supported from D3hot D3cold
[    0.248686] pci 0000:00:14.2: [8086:9d31] type 00 class 0x118000
[    0.248706] pci 0000:00:14.2: reg 0x10: [mem 0xdc335000-0xdc335fff 64bit=
]
[    0.248913] pci 0000:00:15.0: [8086:9d60] type 00 class 0x118000
[    0.248986] pci 0000:00:15.0: reg 0x10: [mem 0xdc334000-0xdc334fff 64bit=
]
[    0.249225] pci 0000:00:15.1: [8086:9d61] type 00 class 0x118000
[    0.249270] pci 0000:00:15.1: reg 0x10: [mem 0xdc333000-0xdc333fff 64bit=
]
[    0.249501] pci 0000:00:16.0: [8086:9d3a] type 00 class 0x078000
[    0.249517] pci 0000:00:16.0: reg 0x10: [mem 0xdc332000-0xdc332fff 64bit=
]
[    0.249561] pci 0000:00:16.0: PME# supported from D3hot
[    0.249689] pci 0000:00:16.3: [8086:9d3d] type 00 class 0x070002
[    0.249702] pci 0000:00:16.3: reg 0x10: [io  0xf060-0xf067]
[    0.249707] pci 0000:00:16.3: reg 0x14: [mem 0xdc331000-0xdc331fff]
[    0.249849] pci 0000:00:1c.0: [8086:9d10] type 01 class 0x060400
[    0.249920] pci 0000:00:1c.0: PME# supported from D0 D3hot D3cold
[    0.249940] pci 0000:00:1c.0: Intel SPT PCH root port ACS workaround ena=
bled
[    0.250096] pci 0000:00:1c.2: [8086:9d12] type 01 class 0x060400
[    0.250171] pci 0000:00:1c.2: PME# supported from D0 D3hot D3cold
[    0.250190] pci 0000:00:1c.2: Intel SPT PCH root port ACS workaround ena=
bled
[    0.250341] pci 0000:00:1c.4: [8086:9d14] type 01 class 0x060400
[    0.250463] pci 0000:00:1c.4: PME# supported from D0 D3hot D3cold
[    0.250482] pci 0000:00:1c.4: Intel SPT PCH root port ACS workaround ena=
bled
[    0.250635] pci 0000:00:1d.0: [8086:9d18] type 01 class 0x060400
[    0.250702] pci 0000:00:1d.0: PME# supported from D0 D3hot D3cold
[    0.250719] pci 0000:00:1d.0: Intel SPT PCH root port ACS workaround ena=
bled
[    0.250890] pci 0000:00:1f.0: [8086:9d4e] type 00 class 0x060100
[    0.251068] pci 0000:00:1f.2: [8086:9d21] type 00 class 0x058000
[    0.251081] pci 0000:00:1f.2: reg 0x10: [mem 0xdc32c000-0xdc32ffff]
[    0.251225] pci 0000:00:1f.3: [8086:9d71] type 00 class 0x040380
[    0.251248] pci 0000:00:1f.3: reg 0x10: [mem 0xdc328000-0xdc32bfff 64bit=
]
[    0.251272] pci 0000:00:1f.3: reg 0x20: [mem 0xdc300000-0xdc30ffff 64bit=
]
[    0.251313] pci 0000:00:1f.3: PME# supported from D3hot D3cold
[    0.251506] pci 0000:00:1f.4: [8086:9d23] type 00 class 0x0c0500
[    0.251568] pci 0000:00:1f.4: reg 0x10: [mem 0xdc330000-0xdc3300ff 64bit=
]
[    0.251639] pci 0000:00:1f.4: reg 0x20: [io  0xf040-0xf05f]
[    0.252219] pci 0000:01:00.0: [10ec:525a] type 00 class 0xff0000
[    0.252249] pci 0000:01:00.0: reg 0x14: [mem 0xdc200000-0xdc200fff]
[    0.252346] pci 0000:01:00.0: supports D1 D2
[    0.252347] pci 0000:01:00.0: PME# supported from D1 D2 D3hot D3cold
[    0.252661] pci 0000:00:1c.0: PCI bridge to [bus 01-fe]
[    0.252665] pci 0000:00:1c.0:   bridge window [mem 0xdc200000-0xdc2fffff=
]
[    0.252670] pci_bus 0000:01: busn_res: [bus 01-fe] end is updated to 01
[    0.253052] pci 0000:02:00.0: [8086:24fd] type 00 class 0x028000
[    0.253146] pci 0000:02:00.0: reg 0x10: [mem 0xdc100000-0xdc101fff 64bit=
]
[    0.253407] pci 0000:02:00.0: PME# supported from D0 D3hot D3cold
[    0.253915] pci 0000:00:1c.2: PCI bridge to [bus 02-fe]
[    0.253919] pci 0000:00:1c.2:   bridge window [mem 0xdc100000-0xdc1fffff=
]
[    0.253924] pci_bus 0000:02: busn_res: [bus 02-fe] end is updated to 02
[    0.254013] pci 0000:00:1c.4: PCI bridge to [bus 03-fe]
[    0.254018] pci 0000:00:1c.4:   bridge window [mem 0xac000000-0xda0fffff=
]
[    0.254022] pci 0000:00:1c.4:   bridge window [mem 0x60000000-0xa9ffffff=
 64bit pref]
[    0.254024] pci_bus 0000:03: busn_res: [bus 03-fe] end is updated to 35
[    0.254107] pci 0000:36:00.0: [1179:0116] type 00 class 0x010802
[    0.254132] pci 0000:36:00.0: reg 0x10: [mem 0xdc000000-0xdc003fff 64bit=
]
[    0.254338] pci 0000:00:1d.0: PCI bridge to [bus 36-fe]
[    0.254342] pci 0000:00:1d.0:   bridge window [mem 0xdc000000-0xdc0fffff=
]
[    0.254346] pci_bus 0000:36: busn_res: [bus 36-fe] end is updated to 36
[    0.255828] ACPI: PCI Interrupt Link [LNKA] (IRQs 3 4 5 6 10 *11 12 14 1=
5)
[    0.255878] ACPI: PCI Interrupt Link [LNKB] (IRQs 3 4 5 6 *10 11 12 14 1=
5)
[    0.255926] ACPI: PCI Interrupt Link [LNKC] (IRQs 3 4 5 6 10 *11 12 14 1=
5)
[    0.255974] ACPI: PCI Interrupt Link [LNKD] (IRQs 3 4 5 6 10 *11 12 14 1=
5)
[    0.256022] ACPI: PCI Interrupt Link [LNKE] (IRQs 3 4 5 6 10 *11 12 14 1=
5)
[    0.256069] ACPI: PCI Interrupt Link [LNKF] (IRQs 3 4 5 6 10 *11 12 14 1=
5)
[    0.256117] ACPI: PCI Interrupt Link [LNKG] (IRQs 3 4 5 6 10 *11 12 14 1=
5)
[    0.256165] ACPI: PCI Interrupt Link [LNKH] (IRQs 3 4 5 6 10 *11 12 14 1=
5)
[    0.268527] ACPI: EC: interrupt unblocked
[    0.268528] ACPI: EC: event unblocked
[    0.268536] ACPI: EC: EC_CMD/EC_SC=3D0x934, EC_DATA=3D0x930
[    0.268537] ACPI: EC: GPE=3D0x6e
[    0.268538] ACPI: \_SB_.PCI0.LPCB.ECDV: Boot DSDT EC initialization comp=
lete
[    0.268540] ACPI: \_SB_.PCI0.LPCB.ECDV: EC: Used to handle transactions =
and events
[    0.268598] iommu: Default domain type: Translated=20
[    0.268598] pci 0000:00:02.0: vgaarb: setting as boot VGA device
[    0.268598] pci 0000:00:02.0: vgaarb: VGA device added: decodes=3Dio+mem=
,owns=3Dio+mem,locks=3Dnone
[    0.268598] pci 0000:00:02.0: vgaarb: bridge control possible
[    0.268598] vgaarb: loaded
[    0.270070] SCSI subsystem initialized
[    0.270083] libata version 3.00 loaded.
[    0.270083] ACPI: bus type USB registered
[    0.270083] usbcore: registered new interface driver usbfs
[    0.270083] usbcore: registered new interface driver hub
[    0.270083] usbcore: registered new device driver usb
[    0.270083] pps_core: LinuxPPS API ver. 1 registered
[    0.270083] pps_core: Software ver. 5.3.6 - Copyright 2005-2007 Rodolfo =
Giometti <giometti@linux.it>
[    0.270083] PTP clock support registered
[    0.270083] EDAC MC: Ver: 3.0.0
[    0.270481] Registered efivars operations
[    0.270481] PCI: Using ACPI for IRQ routing
[    0.296179] PCI: pci_cache_line_size set to 64 bytes
[    0.297376] e820: reserve RAM buffer [mem 0x00058000-0x0005ffff]
[    0.297377] e820: reserve RAM buffer [mem 0x0009e000-0x0009ffff]
[    0.297378] e820: reserve RAM buffer [mem 0x2bd33000-0x2bffffff]
[    0.297378] e820: reserve RAM buffer [mem 0x39d4d000-0x3bffffff]
[    0.297379] e820: reserve RAM buffer [mem 0x3d384000-0x3fffffff]
[    0.297379] e820: reserve RAM buffer [mem 0x48e00000-0x4bffffff]
[    0.297380] e820: reserve RAM buffer [mem 0x4ae800000-0x4afffffff]
[    0.297453] NetLabel: Initializing
[    0.297455] NetLabel:  domain hash size =3D 128
[    0.297456] NetLabel:  protocols =3D UNLABELED CIPSOv4 CALIPSO
[    0.297467] NetLabel:  unlabeled traffic allowed by default
[    0.298117] hpet0: at MMIO 0xfed00000, IRQs 2, 8, 0, 0, 0, 0, 0, 0
[    0.298120] hpet0: 8 comparators, 64-bit 24.000000 MHz counter
[    0.300173] clocksource: Switched to clocksource tsc-early
[    0.306669] VFS: Disk quotas dquot_6.6.0
[    0.306686] VFS: Dquot-cache hash table entries: 512 (order 0, 4096 byte=
s)
[    0.306765] AppArmor: AppArmor Filesystem Enabled
[    0.306794] pnp: PnP ACPI init
[    0.307076] system 00:00: [io  0x0680-0x069f] has been reserved
[    0.307078] system 00:00: [io  0xffff] has been reserved
[    0.307080] system 00:00: [io  0xffff] has been reserved
[    0.307081] system 00:00: [io  0xffff] has been reserved
[    0.307083] system 00:00: [io  0x1800-0x18fe] has been reserved
[    0.307084] system 00:00: [io  0x164e-0x164f] has been reserved
[    0.307089] system 00:00: Plug and Play ACPI device, IDs PNP0c02 (active=
)
[    0.307167] pnp 00:01: Plug and Play ACPI device, IDs PNP0b00 (active)
[    0.307196] system 00:02: [io  0x1854-0x1857] has been reserved
[    0.307199] system 00:02: Plug and Play ACPI device, IDs INT3f0d PNP0c02=
 (active)
[    0.307306] pnp 00:03: Plug and Play ACPI device, IDs PNP0303 (active)
[    0.307316] pnp 00:04: Plug and Play ACPI device, IDs DLL07e6 PNP0f13 (a=
ctive)
[    0.307523] system 00:05: [mem 0xfed10000-0xfed17fff] has been reserved
[    0.307525] system 00:05: [mem 0xfed18000-0xfed18fff] has been reserved
[    0.307527] system 00:05: [mem 0xfed19000-0xfed19fff] has been reserved
[    0.307528] system 00:05: [mem 0xe0000000-0xefffffff] has been reserved
[    0.307530] system 00:05: [mem 0xfed20000-0xfed3ffff] has been reserved
[    0.307532] system 00:05: [mem 0xfed90000-0xfed93fff] could not be reser=
ved
[    0.307533] system 00:05: [mem 0xfed45000-0xfed8ffff] has been reserved
[    0.307535] system 00:05: [mem 0xff000000-0xffffffff] has been reserved
[    0.307537] system 00:05: [mem 0xfee00000-0xfeefffff] could not be reser=
ved
[    0.307538] system 00:05: [mem 0xdffe0000-0xdfffffff] has been reserved
[    0.307541] system 00:05: Plug and Play ACPI device, IDs PNP0c02 (active=
)
[    0.307572] system 00:06: [mem 0xfd000000-0xfdabffff] has been reserved
[    0.307574] system 00:06: [mem 0xfdad0000-0xfdadffff] has been reserved
[    0.307575] system 00:06: [mem 0xfdb00000-0xfdffffff] has been reserved
[    0.307577] system 00:06: [mem 0xfe000000-0xfe01ffff] could not be reser=
ved
[    0.307579] system 00:06: [mem 0xfe036000-0xfe03bfff] has been reserved
[    0.307580] system 00:06: [mem 0xfe03d000-0xfe3fffff] has been reserved
[    0.307582] system 00:06: [mem 0xfe410000-0xfe7fffff] has been reserved
[    0.307584] system 00:06: Plug and Play ACPI device, IDs PNP0c02 (active=
)
[    0.307819] system 00:07: [io  0xff00-0xfffe] has been reserved
[    0.307822] system 00:07: Plug and Play ACPI device, IDs PNP0c02 (active=
)
[    0.308748] system 00:08: [mem 0xfe029000-0xfe029fff] has been reserved
[    0.308750] system 00:08: [mem 0xfe028000-0xfe028fff] has been reserved
[    0.308753] system 00:08: Plug and Play ACPI device, IDs PNP0c02 (active=
)
[    0.312374] pnp: PnP ACPI: found 9 devices
[    0.317580] clocksource: acpi_pm: mask: 0xffffff max_cycles: 0xffffff, m=
ax_idle_ns: 2085701024 ns
[    0.317601] pci_bus 0000:00: max bus depth: 1 pci_try_num: 2
[    0.317607] pci 0000:00:1c.0: PCI bridge to [bus 01]
[    0.317613] pci 0000:00:1c.0:   bridge window [mem 0xdc200000-0xdc2fffff=
]
[    0.317619] pci 0000:00:1c.2: PCI bridge to [bus 02]
[    0.317623] pci 0000:00:1c.2:   bridge window [mem 0xdc100000-0xdc1fffff=
]
[    0.317628] pci 0000:00:1c.4: PCI bridge to [bus 03-35]
[    0.317633] pci 0000:00:1c.4:   bridge window [mem 0xac000000-0xda0fffff=
]
[    0.317636] pci 0000:00:1c.4:   bridge window [mem 0x60000000-0xa9ffffff=
 64bit pref]
[    0.317640] pci 0000:00:1d.0: PCI bridge to [bus 36]
[    0.317643] pci 0000:00:1d.0:   bridge window [mem 0xdc000000-0xdc0fffff=
]
[    0.317648] pci_bus 0000:00: resource 4 [io  0x0000-0xffff]
[    0.317650] pci_bus 0000:00: resource 5 [mem 0x00000000-0x7fffffffff]
[    0.317651] pci_bus 0000:01: resource 1 [mem 0xdc200000-0xdc2fffff]
[    0.317653] pci_bus 0000:02: resource 1 [mem 0xdc100000-0xdc1fffff]
[    0.317654] pci_bus 0000:03: resource 1 [mem 0xac000000-0xda0fffff]
[    0.317656] pci_bus 0000:03: resource 2 [mem 0x60000000-0xa9ffffff 64bit=
 pref]
[    0.317658] pci_bus 0000:36: resource 1 [mem 0xdc000000-0xdc0fffff]
[    0.317779] NET: Registered protocol family 2
[    0.317891] tcp_listen_portaddr_hash hash table entries: 8192 (order: 5,=
 131072 bytes, linear)
[    0.317984] TCP established hash table entries: 131072 (order: 8, 104857=
6 bytes, linear)
[    0.318119] TCP bind hash table entries: 65536 (order: 8, 1048576 bytes,=
 linear)
[    0.318165] TCP: Hash tables configured (established 131072 bind 65536)
[    0.318262] UDP hash table entries: 8192 (order: 6, 262144 bytes, linear=
)
[    0.318297] UDP-Lite hash table entries: 8192 (order: 6, 262144 bytes, l=
inear)
[    0.318341] NET: Registered protocol family 1
[    0.318345] NET: Registered protocol family 44
[    0.318352] pci 0000:00:02.0: Video device with shadowed ROM at [mem 0x0=
00c0000-0x000dffff]
[    0.319148] PCI: CLS 0 bytes, default 64
[    0.319174] Trying to unpack rootfs image as initramfs...
[    0.403094] Freeing initrd memory: 11628K
[    0.403140] DMAR: ACPI device "device:75" under DMAR at fed91000 as 00:1=
5.0
[    0.403144] DMAR: ACPI device "device:76" under DMAR at fed91000 as 00:1=
5.1
[    0.403155] DMAR: No ATSR found
[    0.403191] DMAR: dmar0: Using Queued invalidation
[    0.403195] DMAR: dmar1: Using Queued invalidation
[    0.403561] pci 0000:00:00.0: Adding to iommu group 0
[    0.408841] pci 0000:00:02.0: Adding to iommu group 1
[    0.408889] pci 0000:00:04.0: Adding to iommu group 2
[    0.408953] pci 0000:00:14.0: Adding to iommu group 3
[    0.408960] pci 0000:00:14.2: Adding to iommu group 3
[    0.409000] pci 0000:00:15.0: Adding to iommu group 4
[    0.409007] pci 0000:00:15.1: Adding to iommu group 4
[    0.409061] pci 0000:00:16.0: Adding to iommu group 5
[    0.409068] pci 0000:00:16.3: Adding to iommu group 5
[    0.409108] pci 0000:00:1c.0: Adding to iommu group 6
[    0.409176] pci 0000:00:1c.2: Adding to iommu group 7
[    0.409219] pci 0000:00:1c.4: Adding to iommu group 8
[    0.409271] pci 0000:00:1d.0: Adding to iommu group 9
[    0.410497] pci 0000:00:1f.0: Adding to iommu group 10
[    0.410506] pci 0000:00:1f.2: Adding to iommu group 10
[    0.410514] pci 0000:00:1f.3: Adding to iommu group 10
[    0.410522] pci 0000:00:1f.4: Adding to iommu group 10
[    0.410577] pci 0000:01:00.0: Adding to iommu group 11
[    0.410622] pci 0000:02:00.0: Adding to iommu group 12
[    0.410673] pci 0000:36:00.0: Adding to iommu group 13
[    0.410899] DMAR: Intel(R) Virtualization Technology for Directed I/O
[    0.412044] check: Scanning for low memory corruption every 60 seconds
[    0.413346] Initialise system trusted keyrings
[    0.413354] Key type blacklist registered
[    0.413374] workingset: timestamp_bits=3D36 max_order=3D22 bucket_order=
=3D0
[    0.414153] zbud: loaded
[    0.414322] squashfs: version 4.0 (2009/01/31) Phillip Lougher
[    0.414411] fuse: init (API version 7.31)
[    0.414508] integrity: Platform Keyring initialized
[    0.417374] Key type asymmetric registered
[    0.417375] Asymmetric key parser 'x509' registered
[    0.417381] Block layer SCSI generic (bsg) driver version 0.4 loaded (ma=
jor 244)
[    0.417412] io scheduler mq-deadline registered
[    0.417724] pcieport 0000:00:1c.0: PME: Signaling with IRQ 122
[    0.417771] pcieport 0000:00:1c.0: AER: enabled with IRQ 122
[    0.417950] pcieport 0000:00:1c.2: PME: Signaling with IRQ 123
[    0.417983] pcieport 0000:00:1c.2: AER: enabled with IRQ 123
[    0.418151] pcieport 0000:00:1c.4: PME: Signaling with IRQ 124
[    0.418182] pcieport 0000:00:1c.4: AER: enabled with IRQ 124
[    0.418201] pcieport 0000:00:1c.4: pciehp: Slot #8 AttnBtn- PwrCtrl- MRL=
- AttnInd- PwrInd- HotPlug+ Surprise+ Interlock- NoCompl+ IbPresDis- LLActR=
ep+
[    0.418375] pcieport 0000:00:1d.0: PME: Signaling with IRQ 125
[    0.418404] pcieport 0000:00:1d.0: AER: enabled with IRQ 125
[    0.418464] shpchp: Standard Hot Plug PCI Controller Driver version: 0.4
[    0.418505] efifb: probing for efifb
[    0.418514] efifb: framebuffer at 0x50000000, using 3072k, total 3072k
[    0.418515] efifb: mode is 1024x768x32, linelength=3D4096, pages=3D1
[    0.418516] efifb: scrolling: redraw
[    0.418517] efifb: Truecolor: size=3D8:8:8:8, shift=3D24:16:8:0
[    0.418541] fb0: EFI VGA frame buffer device
[    0.418546] intel_idle: MWAIT substates: 0x11142120
[    0.418546] intel_idle: v0.5.1 model 0x8E
[    0.418824] intel_idle: Local APIC timer is reliable in all C-states
[    0.419749] ACPI: AC Adapter [AC] (on-line)
[    0.419800] input: Lid Switch as /devices/LNXSYSTM:00/LNXSYBUS:00/PNP0C0=
D:00/input/input0
[    0.419823] ACPI: Lid Switch [LID0]
[    0.419842] input: Power Button as /devices/LNXSYSTM:00/LNXSYBUS:00/PNP0=
C0C:00/input/input1
[    0.419856] ACPI: Power Button [PBTN]
[    0.419871] input: Sleep Button as /devices/LNXSYSTM:00/LNXSYBUS:00/PNP0=
C0E:00/input/input2
[    0.419879] ACPI: Sleep Button [SBTN]
[    0.419897] input: Power Button as /devices/LNXSYSTM:00/LNXPWRBN:00/inpu=
t/input3
[    0.419909] ACPI: Power Button [PWRF]
[    0.422831] thermal LNXTHERM:00: registered as thermal_zone0
[    0.422833] ACPI: Thermal Zone [THM] (25 C)
[    0.423027] Serial: 8250/16550 driver, 32 ports, IRQ sharing enabled
[    0.424025] serial 0000:00:16.3: enabling device (0000 -> 0003)
[    0.445076] 0000:00:16.3: ttyS4 at I/O 0xf060 (irq =3D 19, base_baud =3D=
 115200) is a 16550A
[    0.445959] Linux agpgart interface v0.103
[    0.452012] battery: ACPI: Battery Slot [BAT0] (battery present)
[    0.474194] tpm_tis MSFT0101:00: 2.0 TPM (device-id 0xFC, rev-id 1)
[    0.525884] loop: module loaded
[    0.526338] libphy: Fixed MDIO Bus: probed
[    0.526342] tun: Universal TUN/TAP device driver, 1.6
[    0.526423] PPP generic driver version 2.4.2
[    0.526580] VFIO - User Level meta-driver version: 0.3
[    0.526776] ehci_hcd: USB 2.0 'Enhanced' Host Controller (EHCI) Driver
[    0.526790] ehci-pci: EHCI PCI platform driver
[    0.526807] ehci-platform: EHCI generic platform driver
[    0.526824] ohci_hcd: USB 1.1 'Open' Host Controller (OHCI) Driver
[    0.526828] ohci-pci: OHCI PCI platform driver
[    0.526839] ohci-platform: OHCI generic platform driver
[    0.526849] uhci_hcd: USB Universal Host Controller Interface driver
[    0.527126] xhci_hcd 0000:00:14.0: xHCI Host Controller
[    0.527135] xhci_hcd 0000:00:14.0: new USB bus registered, assigned bus =
number 1
[    0.528249] xhci_hcd 0000:00:14.0: hcc params 0x200077c1 hci version 0x1=
00 quirks 0x0000000081109810
[    0.528517] xhci_hcd 0000:00:14.0: cache line size of 64 is not supporte=
d
[    0.528718] usb usb1: New USB device found, idVendor=3D1d6b, idProduct=
=3D0002, bcdDevice=3D 5.07
[    0.528723] usb usb1: New USB device strings: Mfr=3D3, Product=3D2, Seri=
alNumber=3D1
[    0.528726] usb usb1: Product: xHCI Host Controller
[    0.528729] usb usb1: Manufacturer: Linux 5.7.0-rc3+ xhci-hcd
[    0.528732] usb usb1: SerialNumber: 0000:00:14.0
[    0.528911] hub 1-0:1.0: USB hub found
[    0.528931] hub 1-0:1.0: 12 ports detected
[    0.530652] xhci_hcd 0000:00:14.0: xHCI Host Controller
[    0.530659] xhci_hcd 0000:00:14.0: new USB bus registered, assigned bus =
number 2
[    0.530664] xhci_hcd 0000:00:14.0: Host supports USB 3.0 SuperSpeed
[    0.530704] usb usb2: New USB device found, idVendor=3D1d6b, idProduct=
=3D0003, bcdDevice=3D 5.07
[    0.530708] usb usb2: New USB device strings: Mfr=3D3, Product=3D2, Seri=
alNumber=3D1
[    0.530711] usb usb2: Product: xHCI Host Controller
[    0.530713] usb usb2: Manufacturer: Linux 5.7.0-rc3+ xhci-hcd
[    0.530716] usb usb2: SerialNumber: 0000:00:14.0
[    0.530908] hub 2-0:1.0: USB hub found
[    0.530922] hub 2-0:1.0: 6 ports detected
[    0.531364] usb: port power management may be unreliable
[    0.531866] i8042: PNP: PS/2 Controller [PNP0303:PS2K,PNP0f13:PS2M] at 0=
x60,0x64 irq 1,12
[    0.532292] i8042: Warning: Keylock active
[    0.533637] serio: i8042 KBD port at 0x60,0x64 irq 1
[    0.533640] serio: i8042 AUX port at 0x60,0x64 irq 12
[    0.533729] mousedev: PS/2 mouse device common for all mice
[    0.533969] rtc_cmos 00:01: RTC can wake from S4
[    0.534545] rtc_cmos 00:01: registered as rtc0
[    0.534700] rtc_cmos 00:01: setting system clock to 2020-04-29T09:47:02 =
UTC (1588153622)
[    0.534725] rtc_cmos 00:01: alarms up to one month, y3k, 242 bytes nvram
[    0.534729] i2c /dev entries driver
[    0.534775] device-mapper: uevent: version 1.0.3
[    0.534824] device-mapper: ioctl: 4.42.0-ioctl (2020-02-27) initialised:=
 dm-devel@redhat.com
[    0.534835] platform eisa.0: Probing EISA bus 0
[    0.534844] platform eisa.0: Cannot allocate resource for EISA slot 1
[    0.534882] input: AT Translated Set 2 keyboard as /devices/platform/i80=
42/serio0/input/input4
[    0.536170] platform eisa.0: EISA: Detected 0 cards
[    0.536173] intel_pstate: Intel P-state driver initializing
[    0.536782] intel_pstate: HWP enabled
[    0.536891] ledtrig-cpu: registered to indicate activity on CPUs
[    0.536895] EFI Variables Facility v0.08 2004-May-17
[    0.767877] intel_pmc_core INT33A1:00:  initialized
[    0.767959] drop_monitor: Initializing network drop monitor service
[    0.768074] NET: Registered protocol family 10
[    0.773512] Segment Routing with IPv6
[    0.773531] NET: Registered protocol family 17
[    0.773559] Key type dns_resolver registered
[    0.773918] RAS: Correctable Errors collector initialized.
[    0.773982] microcode: sig=3D0x806ea, pf=3D0x80, revision=3D0xca
[    0.774135] microcode: Microcode Update Driver: v2.2.
[    0.774140] IPI shorthand broadcast: enabled
[    0.774146] sched_clock: Marking stable (773441279, 691530)->(781078640,=
 -6945831)
[    0.774271] registered taskstats version 1
[    0.774280] Loading compiled-in X.509 certificates
[    0.775668] Loaded X.509 cert 'Build time autogenerated kernel key: d54c=
e72edc400484e647ca51da6a4a87c88de3d3'
[    0.775695] zswap: loaded using pool lzo/zbud
[    0.775897] Key type ._fscrypt registered
[    0.775898] Key type .fscrypt registered
[    0.775899] Key type fscrypt-provisioning registered
[    0.780404] Key type big_key registered
[    0.780409] Key type trusted registered
[    0.783079] Key type encrypted registered
[    0.783083] AppArmor: AppArmor sha1 policy hashing enabled
[    0.784633] integrity: Loading X.509 certificate: UEFI:db
[    0.784652] integrity: Loaded X.509 cert 'Dell Inc. UEFI DB: 5ddb772dc88=
0660055ba0bc131886bb630a639e7'
[    0.784653] integrity: Loading X.509 certificate: UEFI:db
[    0.784668] integrity: Loaded X.509 cert 'Microsoft Corporation UEFI CA =
2011: 13adbf4309bd82709c8cd54f316ed522988a1bd4'
[    0.784669] integrity: Loading X.509 certificate: UEFI:db
[    0.784682] integrity: Loaded X.509 cert 'Microsoft Windows Production P=
CA 2011: a92902398e16c49778cd90f99e4f9ae17c55af53'
[    0.786179] ima: Allocated hash algorithm: sha1
[    0.866092] usb 1-1: new low-speed USB device number 2 using xhci_hcd
[    0.874172] ima: No architecture policies found
[    0.874198] evm: Initialising EVM extended attributes:
[    0.874199] evm: security.selinux
[    0.874200] evm: security.SMACK64
[    0.874201] evm: security.SMACK64EXEC
[    0.874202] evm: security.SMACK64TRANSMUTE
[    0.874203] evm: security.SMACK64MMAP
[    0.874204] evm: security.apparmor
[    0.874204] evm: security.ima
[    0.874205] evm: security.capability
[    0.874206] evm: HMAC attrs: 0x1
[    0.875136] PM:   Magic number: 0:357:779
[    0.876457] Freeing unused decrypted memory: 2040K
[    0.876812] Freeing unused kernel image (initmem) memory: 2588K
[    0.876873] Write protecting the kernel read-only data: 22528k
[    0.877166] Freeing unused kernel image (text/rodata gap) memory: 2044K
[    0.877296] Freeing unused kernel image (rodata/data gap) memory: 1152K
[    0.903810] x86/mm: Checked W+X mappings: passed, no W+X pages found.
[    0.903812] x86/mm: Checking user space page tables
[    0.929901] x86/mm: Checked W+X mappings: passed, no W+X pages found.
[    0.929904] Run /init as init process
[    0.929905]   with arguments:
[    0.929906]     /init
[    0.929906]   with environment:
[    0.929906]     HOME=3D/
[    0.929907]     TERM=3Dlinux
[    0.929907]     BOOT_IMAGE=3D/boot/vmlinuz-5.7-rc3
[    0.929907]     intel_iommu=3Don
[    0.998028] usb 1-1: device descriptor read/64, error -71
[    1.234081] usb 1-1: device descriptor read/64, error -71
[    1.429826] tsc: Refined TSC clocksource calibration: 2111.991 MHz
[    1.429832] clocksource: tsc: mask: 0xffffffffffffffff max_cycles: 0x1e7=
16fff2bd, max_idle_ns: 440795203249 ns
[    1.429914] clocksource: Switched to clocksource tsc
[    1.473798] usb 1-1: new low-speed USB device number 3 using xhci_hcd
[    1.488151] rtsx_pci 0000:01:00.0: enabling device (0000 -> 0002)
[    1.492044] nvme nvme0: pci function 0000:36:00.0
[    1.500773] nvme nvme0: 8/0/0 default/read/poll queues
[    1.502681]  nvme0n1: p1 p2 p3 p4 p5 p6 p7
[    1.602115] usb 1-1: device descriptor read/64, error -71
[    1.838213] usb 1-1: device descriptor read/64, error -71
[    1.946244] usb usb1-port1: attempt power cycle
[    2.598191] usb 1-1: new low-speed USB device number 4 using xhci_hcd
[    2.598918] usb 1-1: Device not responding to setup address.
[    2.806910] usb 1-1: Device not responding to setup address.
[    3.014195] usb 1-1: device not accepting address 4, error -71
[    3.142204] usb 1-1: new low-speed USB device number 5 using xhci_hcd
[    3.142941] usb 1-1: Device not responding to setup address.
[    3.350908] usb 1-1: Device not responding to setup address.
[    3.558195] usb 1-1: device not accepting address 5, error -71
[    3.558248] usb usb1-port1: unable to enumerate USB device
[    3.686198] usb 1-5: new high-speed USB device number 6 using xhci_hcd
[    3.882696] usb 1-5: New USB device found, idVendor=3D0bda, idProduct=3D=
58f4, bcdDevice=3D76.05
[    3.882701] usb 1-5: New USB device strings: Mfr=3D3, Product=3D1, Seria=
lNumber=3D2
[    3.882702] usb 1-5: Product: Integrated_Webcam_HD
[    3.882704] usb 1-5: Manufacturer: CN0FFMHCLOG0081JB3LKA00
[    3.882705] usb 1-5: SerialNumber: 200901010001
[    4.014200] usb 1-7: new full-speed USB device number 7 using xhci_hcd
[    4.164798] usb 1-7: New USB device found, idVendor=3D8087, idProduct=3D=
0a2b, bcdDevice=3D 0.10
[    4.164802] usb 1-7: New USB device strings: Mfr=3D0, Product=3D0, Seria=
lNumber=3D0
[    4.294191] usb 1-10: new full-speed USB device number 8 using xhci_hcd
[    4.445465] usb 1-10: New USB device found, idVendor=3D27c6, idProduct=
=3D5385, bcdDevice=3D 1.00
[    4.445470] usb 1-10: New USB device strings: Mfr=3D1, Product=3D2, Seri=
alNumber=3D3
[    4.445471] usb 1-10: Product: Goodix Fingerprint Device=20
[    4.445473] usb 1-10: Manufacturer: HTMicroelectronics
[    4.445474] usb 1-10: SerialNumber: HTK32
[    4.485312] EXT4-fs (nvme0n1p6): mounted filesystem with ordered data mo=
de. Opts: (null)
[    4.571839] systemd[1]: Inserted module 'autofs4'
[    4.590988] systemd[1]: systemd 245.5-2-arch running in system mode. (+P=
AM +AUDIT -SELINUX -IMA -APPARMOR +SMACK -SYSVINIT +UTMP +LIBCRYPTSETUP +GC=
RYPT +GNUTLS +ACL +XZ +LZ4 +SECCOMP +BLKID +ELFUTILS +KMOD +IDN2 -IDN +PCRE=
2 default-hierarchy=3Dhybrid)
[    4.610212] systemd[1]: Detected architecture x86-64.
[    4.631099] systemd[1]: Set hostname to <nicholas-dell-linux>.
[    4.768034] systemd[1]: Created slice system-getty.slice.
[    4.768198] systemd[1]: Created slice system-modprobe.slice.
[    4.768328] systemd[1]: Created slice system-ppp.slice.
[    4.768495] systemd[1]: Created slice User and Session Slice.
[    4.768549] systemd[1]: Started Dispatch Password Requests to Console Di=
rectory Watch.
[    4.768601] systemd[1]: Started Forward Password Requests to Wall Direct=
ory Watch.
[    4.768717] systemd[1]: Set up automount Arbitrary Executable File Forma=
ts File System Automount Point.
[    4.768747] systemd[1]: Reached target Local Encrypted Volumes.
[    4.768769] systemd[1]: Reached target Login Prompts.
[    4.768797] systemd[1]: Reached target Paths.
[    4.768819] systemd[1]: Reached target Remote File Systems.
[    4.768840] systemd[1]: Reached target Slices.
[    4.768864] systemd[1]: Reached target Swap.
[    4.768920] systemd[1]: Listening on Device-mapper event daemon FIFOs.
[    4.769132] systemd[1]: Listening on LVM2 metadata daemon socket.
[    4.769301] systemd[1]: Listening on LVM2 poll daemon socket.
[    4.770255] systemd[1]: Listening on Process Core Dump Socket.
[    4.770308] systemd[1]: Listening on initctl Compatibility Named Pipe.
[    4.772594] systemd[1]: Condition check resulted in Journal Audit Socket=
 being skipped.
[    4.772660] systemd[1]: Listening on Journal Socket (/dev/log).
[    4.772740] systemd[1]: Listening on Journal Socket.
[    4.772808] systemd[1]: Listening on udev Control Socket.
[    4.772862] systemd[1]: Listening on udev Kernel Socket.
[    4.773344] systemd[1]: Mounting Huge Pages File System...
[    4.773919] systemd[1]: Mounting POSIX Message Queue File System...
[    4.774541] systemd[1]: Mounting Kernel Debug File System...
[    4.775088] systemd[1]: Mounting Kernel Trace File System...
[    4.776139] systemd[1]: Mounting Temporary Directory (/tmp)...
[    4.776843] systemd[1]: Starting Create list of static device nodes for =
the current kernel...
[    4.777384] systemd[1]: Starting Monitoring of LVM2 mirrors, snapshots e=
tc. using dmeventd or progress polling...
[    4.777964] systemd[1]: Starting Load Kernel Module drm...
[    4.781279] systemd[1]: Condition check resulted in Set Up Additional Bi=
nary Formats being skipped.
[    4.781308] systemd[1]: Condition check resulted in File System Check on=
 Root Device being skipped.
[    4.782338] systemd[1]: Starting Journal Service...
[    4.783480] systemd[1]: Starting Load Kernel Modules...
[    4.784188] systemd[1]: Starting Remount Root and Kernel File Systems...
[    4.784744] systemd[1]: Starting udev Coldplug all Devices...
[    4.785910] systemd[1]: Mounted Huge Pages File System.
[    4.786036] systemd[1]: Mounted POSIX Message Queue File System.
[    4.786154] systemd[1]: Mounted Kernel Debug File System.
[    4.786251] systemd[1]: Mounted Kernel Trace File System.
[    4.786354] systemd[1]: Mounted Temporary Directory (/tmp).
[    4.786702] systemd[1]: Finished Create list of static device nodes for =
the current kernel.
[    4.787880] systemd[1]: modprobe@drm.service: Succeeded.
[    4.788087] systemd[1]: Finished Load Kernel Module drm.
[    4.792942] systemd[1]: Started LVM2 metadata daemon.
[    4.794498] EXT4-fs (nvme0n1p6): re-mounted. Opts: data=3Dordered
[    4.796805] systemd[1]: Finished Remount Root and Kernel File Systems.
[    4.796966] systemd[1]: Condition check resulted in First Boot Wizard be=
ing skipped.
[    4.798563] systemd[1]: Condition check resulted in Rebuild Hardware Dat=
abase being skipped.
[    4.799367] systemd[1]: Starting Load/Save Random Seed...
[    4.799433] systemd[1]: Condition check resulted in Create System Users =
being skipped.
[    4.800198] systemd[1]: Starting Create Static Device Nodes in /dev...
[    4.801010] systemd[1]: Finished Load Kernel Modules.
[    4.801970] systemd[1]: Mounting FUSE Control File System...
[    4.802870] systemd[1]: Mounting Kernel Configuration File System...
[    4.805285] systemd[1]: Starting Apply Kernel Variables...
[    4.807414] systemd[1]: Mounted FUSE Control File System.
[    4.807988] systemd[1]: Mounted Kernel Configuration File System.
[    4.811836] systemd[1]: Finished Load/Save Random Seed.
[    4.820609] systemd[1]: Finished Apply Kernel Variables.
[    4.821416] systemd[1]: Finished Create Static Device Nodes in /dev.
[    4.822081] systemd[1]: Starting udev Kernel Device Manager...
[    4.867268] systemd[1]: Finished udev Coldplug all Devices.
[    5.045324] systemd[1]: Started Journal Service.
[    5.057427] systemd-journald[296]: Received client request to flush runt=
ime journal.
[    5.177624] input: Intel HID events as /devices/platform/INT33D5:00/inpu=
t/input6
[    5.183084] intel-hid INT33D5:00: platform supports 5 button array
[    5.183151] input: Intel HID 5 button array as /devices/platform/INT33D5=
:00/input/input7
[    5.213276] hid: raw HID events driver (C) Jiri Kosina
[    5.213617] wmi_bus wmi_bus-PNP0C14:01: WQBC data block query control me=
thod not found
[    5.214762] proc_thermal 0000:00:04.0: enabling device (0000 -> 0002)
[    5.216832] mei_me 0000:00:16.0: enabling device (0000 -> 0002)
[    5.217660] intel-lpss 0000:00:15.0: enabling device (0000 -> 0002)
[    5.218036] idma64 idma64.0: Found Intel integrated DMA 64-bit
[    5.221721] intel_rapl_common: Found RAPL domain package
[    5.221727] intel_rapl_common: Found RAPL domain dram
[    5.222321] i801_smbus 0000:00:1f.4: SPD Write Disable is set
[    5.222357] i801_smbus 0000:00:1f.4: SMBus using PCI interrupt
[    5.222401] proc_thermal 0000:00:04.0: Creating sysfs group for PROC_THE=
RMAL_PCI
[    5.230399] pstore: Using crash dump compression: deflate
[    5.230734] input: PC Speaker as /devices/platform/pcspkr/input/input8
[    5.357542] cfg80211: Loading compiled-in X.509 certificates for regulat=
ory database
[    5.362396] Error: Driver 'pcspkr' is already registered, aborting...
[    5.371810] RAPL PMU: API unit is 2^-32 Joules, 5 fixed counters, 655360=
 ms ovfl timer
[    5.371815] RAPL PMU: hw unit of domain pp0-core 2^-14 Joules
[    5.371817] RAPL PMU: hw unit of domain package 2^-14 Joules
[    5.371819] RAPL PMU: hw unit of domain dram 2^-14 Joules
[    5.371821] RAPL PMU: hw unit of domain pp1-gpu 2^-14 Joules
[    5.371823] RAPL PMU: hw unit of domain psys 2^-14 Joules
[    5.389108] cfg80211: Loaded X.509 cert 'sforshee: 00b28ddf47aef9cea7'
[    5.391454] platform regulatory.0: Direct firmware load for regulatory.d=
b failed with error -2
[    5.391459] cfg80211: failed to load regulatory.db
[    5.414510] i915 0000:00:02.0: VT-d active for gfx access
[    5.414828] checking generic (50000000 300000) vs hw (db000000 1000000)
[    5.414830] checking generic (50000000 300000) vs hw (50000000 10000000)
[    5.414832] fb0: switching to inteldrmfb from EFI VGA
[    5.419251] cryptd: max_cpu_qlen set to 1000
[    5.468535] [drm] Supports vblank timestamp caching Rev 2 (21.10.2013).
[    5.468909] i915 0000:00:02.0: vgaarb: changed VGA decodes: olddecodes=
=3Dio+mem,decodes=3Dio+mem:owns=3Dio+mem
[    5.474239] i915 0000:00:02.0: [drm] Finished loading DMC firmware i915/=
kbl_dmc_ver1_04.bin (v1.4)
[    5.484686] pstore: Registered efi as persistent store backend
[    5.488203] i915 0000:00:02.0: [drm:intel_dp_aux_init_backlight_funcs [i=
915]] Panel advertises DPCD backlight support, but VBT disagrees. If your b=
acklight controls don't work try booting with i915.enable_dpcd_backlight=3D=
1. If your machine needs this, please file a _new_ bug report on drm/i915, =
see https://gitlab.freedesktop.org/drm/intel/-/wikis/How-to-file-i915-bugs =
for details.
[    5.493111] Intel(R) Wireless WiFi driver for Linux
[    5.493115] Copyright(c) 2003- 2015 Intel Corporation
[    5.493506] iwlwifi 0000:02:00.0: enabling device (0000 -> 0002)
[    5.496425] AVX2 version of gcm_enc/dec engaged.
[    5.496427] AES CTR mode by8 optimization enabled
[    5.500590] iwlwifi 0000:02:00.0: Found debug destination: EXTERNAL_DRAM
[    5.500597] iwlwifi 0000:02:00.0: Found debug configuration: 0
[    5.500686] [drm] Initialized i915 1.6.0 20200313 for 0000:00:02.0 on mi=
nor 0
[    5.501083] iwlwifi 0000:02:00.0: loaded firmware version 36.77d01142.0 =
8265-36.ucode op_mode iwlmvm
[    5.501109] iwlwifi 0000:02:00.0: Direct firmware load for iwl-debug-yoy=
o.bin failed with error -2
[    5.503725] snd_hda_intel 0000:00:1f.3: DSP detected with PCI class/subc=
lass/prog-if info 0x040380
[    5.503742] snd_hda_intel 0000:00:1f.3: enabling device (0000 -> 0002)
[    5.558841] intel_rapl_common: Found RAPL domain package
[    5.558849] intel_rapl_common: Found RAPL domain core
[    5.558852] intel_rapl_common: Found RAPL domain uncore
[    5.558854] intel_rapl_common: Found RAPL domain dram
[    5.578445] mei_hdcp 0000:00:16.0-b638ab7e-94e2-4ea2-a552-d1c54b627f04: =
bound 0000:00:02.0 (ops i915_hdcp_component_ops [i915])
[    5.578562] iwlwifi 0000:02:00.0: Detected Intel(R) Dual Band Wireless A=
C 8265, REV=3D0x230
[    5.579646] dcdbas dcdbas: Dell Systems Management Base Driver (version =
5.6.0-3.3)
[    5.590341] iwlwifi 0000:02:00.0: Applying debug destination EXTERNAL_DR=
AM
[    5.590660] iwlwifi 0000:02:00.0: Allocated 0x00400000 bytes for firmwar=
e monitor.
[    5.804579] input: Dell WMI hotkeys as /devices/platform/PNP0C14:01/wmi_=
bus/wmi_bus-PNP0C14:01/9DBB5994-A997-11DA-B012-B622A1EF5492/input/input10
[    5.817303] ACPI: Video Device [GFX0] (multi-head: yes  rom: no  post: n=
o)
[    5.856170] iwlwifi 0000:02:00.0: base HW address: b4:d5:bd:9e:43:f5
[    5.932134] ieee80211 phy0: Selected rate control algorithm 'iwl-mvm-rs'
[    5.932447] thermal thermal_zone11: failed to read out thermal zone (-61=
)
[    5.936101] iwlwifi 0000:02:00.0 wlp2s0: renamed from wlan0
[    5.937826] input: Video Bus as /devices/LNXSYSTM:00/LNXSYBUS:00/PNP0A08=
:00/LNXVIDEO:00/input/input11
[    5.938054] snd_hda_intel 0000:00:1f.3: bound 0000:00:02.0 (ops i915_aud=
io_component_bind_ops [i915])
[    5.948579] i915 0000:00:02.0: fb0: i915drmfb frame buffer device
[    5.992386] snd_hda_codec_realtek hdaudioC0D0: autoconfig for ALC3271: l=
ine_outs=3D1 (0x17/0x0/0x0/0x0/0x0) type:speaker
[    5.992391] snd_hda_codec_realtek hdaudioC0D0:    speaker_outs=3D0 (0x0/=
0x0/0x0/0x0/0x0)
[    5.992393] snd_hda_codec_realtek hdaudioC0D0:    hp_outs=3D1 (0x21/0x0/=
0x0/0x0/0x0)
[    5.992395] snd_hda_codec_realtek hdaudioC0D0:    mono: mono_out=3D0x0
[    5.992397] snd_hda_codec_realtek hdaudioC0D0:    inputs:
[    5.992398] snd_hda_codec_realtek hdaudioC0D0:      Headset Mic=3D0x19
[    5.992400] snd_hda_codec_realtek hdaudioC0D0:      Headphone Mic=3D0x1b
[    5.992402] snd_hda_codec_realtek hdaudioC0D0:      Internal Mic=3D0x12
[    6.057288] input: HDA Intel PCH Headphone Mic as /devices/pci0000:00/00=
00:00:1f.3/sound/card0/input12
[    6.057343] input: HDA Intel PCH HDMI/DP,pcm=3D3 as /devices/pci0000:00/=
0000:00:1f.3/sound/card0/input13
[    6.057399] input: HDA Intel PCH HDMI/DP,pcm=3D7 as /devices/pci0000:00/=
0000:00:1f.3/sound/card0/input14
[    6.057446] input: HDA Intel PCH HDMI/DP,pcm=3D8 as /devices/pci0000:00/=
0000:00:1f.3/sound/card0/input15
[    6.057494] input: HDA Intel PCH HDMI/DP,pcm=3D9 as /devices/pci0000:00/=
0000:00:1f.3/sound/card0/input16
[    6.057758] input: HDA Intel PCH HDMI/DP,pcm=3D10 as /devices/pci0000:00=
/0000:00:1f.3/sound/card0/input17
[    6.083744] psmouse serio1: synaptics: queried max coordinates: x [..566=
6], y [..4734]
[    6.113070] psmouse serio1: synaptics: queried min coordinates: x [1276.=
.], y [1118..]
[    6.113079] psmouse serio1: synaptics: Your touchpad (PNP: DLL07e6 PNP0f=
13) says it can support a different bus. If i2c-hid and hid-rmi are not use=
d, you might want to try setting psmouse.synaptics_intertouch to 1 and repo=
rt this to linux-input@vger.kernel.org.
[    6.173059] psmouse serio1: synaptics: Touchpad model: 1, fw: 8.2, id: 0=
x1e2a1, caps: 0xf00323/0x840300/0x12e800/0x0, board id: 3038, fw id: 237500=
7
[    6.211381] input: SynPS/2 Synaptics TouchPad as /devices/platform/i8042=
/serio1/input/input9
[    6.219268] i2c_hid i2c-ELAN24F0:00: supply vdd not found, using dummy r=
egulator
[    6.219285] i2c_hid i2c-ELAN24F0:00: supply vddl not found, using dummy =
regulator
[    6.287718] intel-lpss 0000:00:15.1: enabling device (0000 -> 0002)
[    6.288043] idma64 idma64.1: Found Intel integrated DMA 64-bit
[    6.377780] i2c_hid i2c-DELL07E6:00: supply vdd not found, using dummy r=
egulator
[    6.377793] i2c_hid i2c-DELL07E6:00: supply vddl not found, using dummy =
regulator
[    6.411034] input: ELAN24F0:00 04F3:24F0 Touchscreen as /devices/pci0000=
:00/0000:00:15.0/i2c_designware.0/i2c-7/i2c-ELAN24F0:00/0018:04F3:24F0.0001=
/input/input18
[    6.411104] input: ELAN24F0:00 04F3:24F0 as /devices/pci0000:00/0000:00:=
15.0/i2c_designware.0/i2c-7/i2c-ELAN24F0:00/0018:04F3:24F0.0001/input/input=
19
[    6.411133] input: ELAN24F0:00 04F3:24F0 as /devices/pci0000:00/0000:00:=
15.0/i2c_designware.0/i2c-7/i2c-ELAN24F0:00/0018:04F3:24F0.0001/input/input=
20
[    6.411277] hid-generic 0018:04F3:24F0.0001: input,hidraw0: I2C HID v1.0=
0 Device [ELAN24F0:00 04F3:24F0] on i2c-ELAN24F0:00
[    6.411544] input: DELL07E6:00 06CB:76AF Mouse as /devices/pci0000:00/00=
00:00:15.1/i2c_designware.1/i2c-8/i2c-DELL07E6:00/0018:06CB:76AF.0002/input=
/input22
[    6.411657] input: DELL07E6:00 06CB:76AF Touchpad as /devices/pci0000:00=
/0000:00:15.1/i2c_designware.1/i2c-8/i2c-DELL07E6:00/0018:06CB:76AF.0002/in=
put/input23
[    6.411725] hid-generic 0018:06CB:76AF.0002: input,hidraw1: I2C HID v1.0=
0 Mouse [DELL07E6:00 06CB:76AF] on i2c-DELL07E6:00
[    6.471078] iwlwifi 0000:02:00.0: Applying debug destination EXTERNAL_DR=
AM
[    6.522574] input: ELAN24F0:00 04F3:24F0 as /devices/pci0000:00/0000:00:=
15.0/i2c_designware.0/i2c-7/i2c-ELAN24F0:00/0018:04F3:24F0.0001/input/input=
25
[    6.522651] input: ELAN24F0:00 04F3:24F0 UNKNOWN as /devices/pci0000:00/=
0000:00:15.0/i2c_designware.0/i2c-7/i2c-ELAN24F0:00/0018:04F3:24F0.0001/inp=
ut/input26
[    6.522682] input: ELAN24F0:00 04F3:24F0 UNKNOWN as /devices/pci0000:00/=
0000:00:15.0/i2c_designware.0/i2c-7/i2c-ELAN24F0:00/0018:04F3:24F0.0001/inp=
ut/input27
[    6.522723] hid-multitouch 0018:04F3:24F0.0001: input,hidraw0: I2C HID v=
1.00 Device [ELAN24F0:00 04F3:24F0] on i2c-ELAN24F0:00
[    6.544830] mc: Linux media interface: v0.10
[    6.545387] Bluetooth: Core ver 2.22
[    6.545403] NET: Registered protocol family 31
[    6.545405] Bluetooth: HCI device and connection manager initialized
[    6.545410] Bluetooth: HCI socket layer initialized
[    6.545413] Bluetooth: L2CAP socket layer initialized
[    6.545417] Bluetooth: SCO socket layer initialized
[    6.551706] videodev: Linux video capture interface: v2.00
[    6.605548] iwlwifi 0000:02:00.0: Applying debug destination EXTERNAL_DR=
AM
[    6.659063] input: DELL07E6:00 06CB:76AF Mouse as /devices/pci0000:00/00=
00:00:15.1/i2c_designware.1/i2c-8/i2c-DELL07E6:00/0018:06CB:76AF.0002/input=
/input29
[    6.659278] input: DELL07E6:00 06CB:76AF Touchpad as /devices/pci0000:00=
/0000:00:15.1/i2c_designware.1/i2c-8/i2c-DELL07E6:00/0018:06CB:76AF.0002/in=
put/input30
[    6.659429] hid-multitouch 0018:06CB:76AF.0002: input,hidraw1: I2C HID v=
1.00 Mouse [DELL07E6:00 06CB:76AF] on i2c-DELL07E6:00
[    6.674607] iwlwifi 0000:02:00.0: FW already configured (0) - re-configu=
ring
[    6.686168] cdc_acm 1-10:1.0: ttyACM0: USB ACM device
[    6.686474] usbcore: registered new interface driver cdc_acm
[    6.686494] cdc_acm: USB Abstract Control Model driver for USB modems an=
d ISDN adapters
[    6.694353] usbcore: registered new interface driver btusb
[    6.695821] Bluetooth: hci0: Firmware revision 0.1 build 65 week 42 2019
[    6.698759] uvcvideo: Found UVC 1.00 device Integrated_Webcam_HD (0bda:5=
8f4)
[    6.706280] uvcvideo 1-5:1.0: Entity type for entity Extension 4 was not=
 initialized!
[    6.706284] uvcvideo 1-5:1.0: Entity type for entity Extension 7 was not=
 initialized!
[    6.706286] uvcvideo 1-5:1.0: Entity type for entity Processing 2 was no=
t initialized!
[    6.706288] uvcvideo 1-5:1.0: Entity type for entity Camera 1 was not in=
itialized!
[    6.706333] input: Integrated_Webcam_HD: Integrate as /devices/pci0000:0=
0/0000:00:14.0/usb1/1-5/1-5:1.0/input/input32
[    6.706886] uvcvideo: Found UVC 1.00 device Integrated_Webcam_HD (0bda:5=
8f4)
[    6.708882] uvcvideo 1-5:1.2: Entity type for entity Extension 10 was no=
t initialized!
[    6.708885] uvcvideo 1-5:1.2: Entity type for entity Extension 12 was no=
t initialized!
[    6.708887] uvcvideo 1-5:1.2: Entity type for entity Processing 9 was no=
t initialized!
[    6.708888] uvcvideo 1-5:1.2: Entity type for entity Camera 11 was not i=
nitialized!
[    6.708934] input: Integrated_Webcam_HD: Integrate as /devices/pci0000:0=
0/0000:00:14.0/usb1/1-5/1-5:1.2/input/input33
[    6.708982] usbcore: registered new interface driver uvcvideo
[    6.708983] USB Video Class driver (1.1.1)
[    6.717512] Bluetooth: BNEP (Ethernet Emulation) ver 1.3
[    6.717517] Bluetooth: BNEP filters: protocol multicast
[    6.717521] Bluetooth: BNEP socket layer initialized
[    6.720372] iwlwifi 0000:02:00.0: Applying debug destination EXTERNAL_DR=
AM
[    6.750305] NET: Registered protocol family 38
[    6.853681] iwlwifi 0000:02:00.0: Applying debug destination EXTERNAL_DR=
AM
[    6.920730] iwlwifi 0000:02:00.0: FW already configured (0) - re-configu=
ring
[    7.873437] Bluetooth: RFCOMM TTY layer initialized
[    7.873444] Bluetooth: RFCOMM socket layer initialized
[    7.873448] Bluetooth: RFCOMM ver 1.11
[    9.022429] rfkill: input handler disabled
[   12.449921] rfkill: input handler enabled
[   13.057062] wlp2s0: authenticate with 78:8a:20:8e:ee:6a
[   13.066842] wlp2s0: send auth to 78:8a:20:8e:ee:6a (try 1/3)
[   13.073947] wlp2s0: authenticated
[   13.077792] wlp2s0: associate with 78:8a:20:8e:ee:6a (try 1/3)
[   13.183584] wlp2s0: associate with 78:8a:20:8e:ee:6a (try 2/3)
[   13.185624] wlp2s0: RX AssocResp from 78:8a:20:8e:ee:6a (capab=3D0x1411 =
status=3D0 aid=3D4)
[   13.187867] wlp2s0: associated
[   14.099920] IPv6: ADDRCONF(NETDEV_CHANGE): wlp2s0: link becomes ready
[   14.113789] usb 1-1: new low-speed USB device number 9 using xhci_hcd
[   14.241824] usb 1-1: device descriptor read/64, error -71
[   14.477814] usb 1-1: device descriptor read/64, error -71
[   14.713785] usb 1-1: new low-speed USB device number 10 using xhci_hcd
[   14.841795] usb 1-1: device descriptor read/64, error -71
[   15.081969] usb 1-1: device descriptor read/64, error -71
[   15.189893] usb usb1-port1: attempt power cycle
[   15.841805] usb 1-1: new low-speed USB device number 11 using xhci_hcd
[   15.842369] usb 1-1: Device not responding to setup address.
[   16.050378] usb 1-1: Device not responding to setup address.
[   16.257792] usb 1-1: device not accepting address 11, error -71
[   16.385832] usb 1-1: new low-speed USB device number 12 using xhci_hcd
[   16.386331] usb 1-1: Device not responding to setup address.
[   16.594367] usb 1-1: Device not responding to setup address.
[   16.805825] usb 1-1: device not accepting address 12, error -71
[   16.805877] usb usb1-port1: unable to enumerate USB device
[   74.090013] pcieport 0000:00:1c.4: pciehp: Slot(8): Card present
[   74.221965] pci 0000:03:00.0: [8086:15d3] type 01 class 0x060400
[   74.222030] pci 0000:03:00.0: enabling Extended Tags
[   74.222126] pci 0000:03:00.0: supports D1 D2
[   74.222127] pci 0000:03:00.0: PME# supported from D0 D1 D2 D3hot D3cold
[   74.222394] pci 0000:03:00.0: Adding to iommu group 14
[   74.222433] pci 0000:03:00.0: bridge configuration invalid ([bus 00-00])=
, reconfiguring
[   74.222527] pci 0000:04:00.0: [8086:15d3] type 01 class 0x060400
[   74.222582] pci 0000:04:00.0: enabling Extended Tags
[   74.222673] pci 0000:04:00.0: supports D1 D2
[   74.222674] pci 0000:04:00.0: PME# supported from D0 D1 D2 D3hot D3cold
[   74.222913] pci 0000:04:00.0: Adding to iommu group 15
[   74.222952] pci 0000:04:01.0: [8086:15d3] type 01 class 0x060400
[   74.223010] pci 0000:04:01.0: enabling Extended Tags
[   74.223112] pci 0000:04:01.0: supports D1 D2
[   74.223113] pci 0000:04:01.0: PME# supported from D0 D1 D2 D3hot D3cold
[   74.223329] pci 0000:04:01.0: Adding to iommu group 16
[   74.223354] pci 0000:04:02.0: [8086:15d3] type 01 class 0x060400
[   74.223412] pci 0000:04:02.0: enabling Extended Tags
[   74.223497] pci 0000:04:02.0: supports D1 D2
[   74.223498] pci 0000:04:02.0: PME# supported from D0 D1 D2 D3hot D3cold
[   74.223669] pci 0000:04:02.0: Adding to iommu group 17
[   74.223694] pci 0000:04:04.0: [8086:15d3] type 01 class 0x060400
[   74.223751] pci 0000:04:04.0: enabling Extended Tags
[   74.223838] pci 0000:04:04.0: supports D1 D2
[   74.223839] pci 0000:04:04.0: PME# supported from D0 D1 D2 D3hot D3cold
[   74.224024] pci 0000:04:04.0: Adding to iommu group 18
[   74.224067] pci 0000:03:00.0: PCI bridge to [bus 04-35]
[   74.224073] pci 0000:03:00.0:   bridge window [io  0x0000-0x0fff]
[   74.224077] pci 0000:03:00.0:   bridge window [mem 0x00000000-0x000fffff=
]
[   74.224083] pci 0000:03:00.0:   bridge window [mem 0x00000000-0x000fffff=
 64bit pref]
[   74.224086] pci 0000:04:00.0: bridge configuration invalid ([bus 00-00])=
, reconfiguring
[   74.224093] pci 0000:04:01.0: bridge configuration invalid ([bus 00-00])=
, reconfiguring
[   74.224100] pci 0000:04:02.0: bridge configuration invalid ([bus 00-00])=
, reconfiguring
[   74.224107] pci 0000:04:04.0: bridge configuration invalid ([bus 00-00])=
, reconfiguring
[   74.224179] pci 0000:04:00.0: PCI bridge to [bus 05-35]
[   74.224184] pci 0000:04:00.0:   bridge window [io  0x0000-0x0fff]
[   74.224187] pci 0000:04:00.0:   bridge window [mem 0x00000000-0x000fffff=
]
[   74.224193] pci 0000:04:00.0:   bridge window [mem 0x00000000-0x000fffff=
 64bit pref]
[   74.224195] pci_bus 0000:05: busn_res: [bus 05-35] end is updated to 05
[   74.224264] pci 0000:04:01.0: PCI bridge to [bus 06-35]
[   74.224270] pci 0000:04:01.0:   bridge window [io  0x0000-0x0fff]
[   74.224273] pci 0000:04:01.0:   bridge window [mem 0x00000000-0x000fffff=
]
[   74.224279] pci 0000:04:01.0:   bridge window [mem 0x00000000-0x000fffff=
 64bit pref]
[   74.224280] pci_bus 0000:06: busn_res: [bus 06-35] end is updated to 35
[   74.224298] pci_bus 0000:36: busn_res: [bus 36] end is updated to 36
[   74.224300] pci 0000:04:02.0: devices behind bridge are unusable because=
 [bus 36] cannot be assigned for them
[   74.224348] pci_bus 0000:37: busn_res: can not insert [bus 37-35] under =
[bus 04-35] (conflicts with (null) [bus 04-35])
[   74.224353] pci 0000:04:04.0: PCI bridge to [bus 37-35]
[   74.224359] pci 0000:04:04.0:   bridge window [io  0x0000-0x0fff]
[   74.224362] pci 0000:04:04.0:   bridge window [mem 0x00000000-0x000fffff=
]
[   74.224368] pci 0000:04:04.0:   bridge window [mem 0x00000000-0x000fffff=
 64bit pref]
[   74.224370] pci 0000:04:04.0: devices behind bridge are unusable because=
 [bus 37-35] cannot be assigned for them
[   74.224373] pci_bus 0000:04: busn_res: [bus 04-35] end is updated to 35
[   74.224379] pci 0000:04:01.0: bridge window [mem 0x00100000-0x001fffff 6=
4bit pref] to [bus 06-35] add_size ffff00000 add_align 100000
[   74.224380] pci 0000:04:01.0: bridge window [mem 0x00100000-0x001fffff] =
to [bus 06-35] add_size 18f00000 add_align 100000
[   74.224382] pci 0000:04:04.0: bridge window [mem 0x00100000-0x001fffff 6=
4bit pref] to [bus 37-35] add_size ffff00000 add_align 100000
[   74.224383] pci 0000:04:04.0: bridge window [mem 0x00100000-0x001fffff] =
to [bus 37-35] add_size 18f00000 add_align 100000
[   74.224386] pci 0000:03:00.0: bridge window [mem 0x00100000-0x003fffff 6=
4bit pref] to [bus 04-35] add_size 1fffe00000 add_align 100000
[   74.224387] pci 0000:03:00.0: bridge window [mem 0x00100000-0x003fffff] =
to [bus 04-35] add_size 31e00000 add_align 100000
[   74.224395] pcieport 0000:00:1c.4: BAR 13: assigned [io  0x2000-0x4fff]
[   74.224397] pci 0000:03:00.0: BAR 14: assigned [mem 0xac000000-0xda0ffff=
f]
[   74.224399] pci 0000:03:00.0: BAR 15: assigned [mem 0x60000000-0xa9fffff=
f 64bit pref]
[   74.224400] pci 0000:03:00.0: BAR 13: assigned [io  0x2000-0x4fff]
[   74.224403] pci 0000:04:00.0: BAR 14: assigned [mem 0xac000000-0xac0ffff=
f]
[   74.224404] pci 0000:04:00.0: BAR 15: assigned [mem 0x60000000-0x600ffff=
f 64bit pref]
[   74.224406] pci 0000:04:01.0: BAR 14: assigned [mem 0xac100000-0xc2fffff=
f]
[   74.224407] pci 0000:04:01.0: BAR 15: assigned [mem 0x60100000-0x84f7fff=
f 64bit pref]
[   74.224408] pci 0000:04:04.0: BAR 14: assigned [mem 0xc3000000-0xd9fffff=
e]
[   74.224410] pci 0000:04:04.0: BAR 15: assigned [mem 0x85000000-0xa9effff=
e 64bit pref]
[   74.224411] pci 0000:04:00.0: BAR 13: assigned [io  0x2000-0x2fff]
[   74.224412] pci 0000:04:01.0: BAR 13: assigned [io  0x3000-0x3fff]
[   74.224413] pci 0000:04:04.0: BAR 13: assigned [io  0x4000-0x4ffe]
[   74.224415] pci 0000:04:00.0: PCI bridge to [bus 05]
[   74.224417] pci 0000:04:00.0:   bridge window [io  0x2000-0x2fff]
[   74.224422] pci 0000:04:00.0:   bridge window [mem 0xac000000-0xac0fffff=
]
[   74.224425] pci 0000:04:00.0:   bridge window [mem 0x60000000-0x600fffff=
 64bit pref]
[   74.224431] pci 0000:04:01.0: PCI bridge to [bus 06-35]
[   74.224433] pci 0000:04:01.0:   bridge window [io  0x3000-0x3fff]
[   74.224438] pci 0000:04:01.0:   bridge window [mem 0xac100000-0xc2ffffff=
]
[   74.224441] pci 0000:04:01.0:   bridge window [mem 0x60100000-0x84f7ffff=
 64bit pref]
[   74.224447] pci 0000:04:04.0: PCI bridge to [bus 37-35]
[   74.224449] pci 0000:04:04.0:   bridge window [io  0x4000-0x4ffe]
[   74.224454] pci 0000:04:04.0:   bridge window [mem 0xc3000000-0xd9fffffe=
]
[   74.224457] pci 0000:04:04.0:   bridge window [mem 0x85000000-0xa9effffe=
 64bit pref]
[   74.224463] pci 0000:03:00.0: PCI bridge to [bus 04-35]
[   74.224465] pci 0000:03:00.0:   bridge window [io  0x2000-0x4fff]
[   74.224469] pci 0000:03:00.0:   bridge window [mem 0xac000000-0xda0fffff=
]
[   74.224473] pci 0000:03:00.0:   bridge window [mem 0x60000000-0xa9ffffff=
 64bit pref]
[   74.224478] pcieport 0000:00:1c.4: PCI bridge to [bus 03-35]
[   74.224480] pcieport 0000:00:1c.4:   bridge window [io  0x2000-0x4fff]
[   74.224483] pcieport 0000:00:1c.4:   bridge window [mem 0xac000000-0xda0=
fffff]
[   74.224486] pcieport 0000:00:1c.4:   bridge window [mem 0x60000000-0xa9f=
fffff 64bit pref]
[   74.224517] pcieport 0000:03:00.0: enabling device (0000 -> 0003)
[   74.224775] pcieport 0000:04:00.0: enabling device (0000 -> 0003)
[   74.224978] pcieport 0000:04:01.0: enabling device (0000 -> 0003)
[   74.225128] pcieport 0000:04:01.0: pciehp: Slot #1 AttnBtn- PwrCtrl- MRL=
- AttnInd- PwrInd- HotPlug+ Surprise+ Interlock- NoCompl+ IbPresDis- LLActR=
ep+
[   74.225697] pcieport 0000:04:04.0: enabling device (0000 -> 0003)
[   74.225870] pcieport 0000:04:04.0: pciehp: Slot #4 AttnBtn- PwrCtrl- MRL=
- AttnInd- PwrInd- HotPlug+ Surprise+ Interlock- NoCompl+ IbPresDis- LLActR=
ep+
[   76.618186] pcieport 0000:04:02.0: Primary bus is hard wired to 0
[   76.618271] pci 0000:05:00.0: [8086:15d2] type 00 class 0x088000
[   76.618338] pci 0000:05:00.0: reg 0x10: [mem 0x00000000-0x0003ffff]
[   76.618353] pci 0000:05:00.0: reg 0x14: [mem 0x00000000-0x00000fff]
[   76.618413] pci 0000:05:00.0: enabling Extended Tags
[   76.618787] pci 0000:05:00.0: supports D1 D2
[   76.618789] pci 0000:05:00.0: PME# supported from D0 D1 D2 D3hot D3cold
[   76.619058] pci 0000:05:00.0: Adding to iommu group 15
[   76.619165] pci_bus 0000:05: busn_res: [bus 05] end is updated to 05
[   76.619169] pci_bus 0000:05: Allocating resources
[   76.619176] pci 0000:05:00.0: BAR 0: assigned [mem 0xac000000-0xac03ffff=
]
[   76.619180] pci 0000:05:00.0: BAR 1: assigned [mem 0xac040000-0xac040fff=
]
[   76.619201] pci_bus 0000:06: busn_res: [bus 06-35] end is updated to 35
[   76.624617] thunderbolt 0000:05:00.0: enabling device (0000 -> 0002)
[   77.640079] thunderbolt 0-1: new device found, vendor=3D0xed device=3D0x=
b009
[   77.640083] thunderbolt 0-1: GIGABYTE GAMING BOX
[   77.710384] pcieport 0000:04:01.0: pciehp: Slot(1): Card present
[   77.710386] pcieport 0000:04:01.0: pciehp: Slot(1): Link Up
[   77.846469] pci 0000:06:00.0: [8086:1578] type 01 class 0x060400
[   77.846584] pci 0000:06:00.0: enabling Extended Tags
[   77.846781] pci 0000:06:00.0: supports D1 D2
[   77.846782] pci 0000:06:00.0: PME# supported from D0 D1 D2 D3hot D3cold
[   77.846950] pci 0000:06:00.0: 8.000 Gb/s available PCIe bandwidth, limit=
ed by 2.5 GT/s PCIe x4 link at 0000:04:01.0 (capable of 31.504 Gb/s with 8.=
0 GT/s PCIe x4 link)
[   77.847024] pci 0000:06:00.0: Adding to iommu group 16
[   77.858326] pci 0000:06:00.0: bridge configuration invalid ([bus 00-00])=
, reconfiguring
[   77.858460] pci 0000:07:01.0: [8086:1578] type 01 class 0x060400
[   77.858579] pci 0000:07:01.0: enabling Extended Tags
[   77.858761] pci 0000:07:01.0: supports D1 D2
[   77.858762] pci 0000:07:01.0: PME# supported from D0 D1 D2 D3hot D3cold
[   77.858949] pci 0000:07:01.0: Adding to iommu group 16
[   77.858994] pci 0000:07:04.0: [8086:1578] type 01 class 0x060400
[   77.859113] pci 0000:07:04.0: enabling Extended Tags
[   77.859289] pci 0000:07:04.0: supports D1 D2
[   77.859289] pci 0000:07:04.0: PME# supported from D0 D1 D2 D3hot D3cold
[   77.859472] pci 0000:07:04.0: Adding to iommu group 16
[   77.859564] pci 0000:06:00.0: PCI bridge to [bus 07-35]
[   77.859575] pci 0000:06:00.0:   bridge window [io  0x0000-0x0fff]
[   77.859580] pci 0000:06:00.0:   bridge window [mem 0x00000000-0x000fffff=
]
[   77.859591] pci 0000:06:00.0:   bridge window [mem 0x00000000-0x000fffff=
 64bit pref]
[   77.859594] pci 0000:07:01.0: bridge configuration invalid ([bus 00-00])=
, reconfiguring
[   77.859607] pci 0000:07:04.0: bridge configuration invalid ([bus 00-00])=
, reconfiguring
[   77.859763] pci 0000:08:00.0: [1002:7300] type 00 class 0x030000
[   77.859846] pci 0000:08:00.0: reg 0x10: [mem 0x00000000-0x0fffffff 64bit=
 pref]
[   77.859873] pci 0000:08:00.0: reg 0x18: [mem 0x00000000-0x001fffff 64bit=
 pref]
[   77.859888] pci 0000:08:00.0: reg 0x20: [io  0x0000-0x00ff]
[   77.859904] pci 0000:08:00.0: reg 0x24: [mem 0x00000000-0x0003ffff]
[   77.859920] pci 0000:08:00.0: reg 0x30: [mem 0x00000000-0x0001ffff pref]
[   77.859937] pci 0000:08:00.0: enabling Extended Tags
[   77.860155] pci 0000:08:00.0: supports D1 D2
[   77.860156] pci 0000:08:00.0: PME# supported from D1 D2 D3hot D3cold
[   77.860383] pci 0000:08:00.0: 8.000 Gb/s available PCIe bandwidth, limit=
ed by 2.5 GT/s PCIe x4 link at 0000:04:01.0 (capable of 126.016 Gb/s with 8=
.0 GT/s PCIe x16 link)
[   77.860423] pci 0000:08:00.0: vgaarb: VGA device added: decodes=3Dio+mem=
,owns=3Dnone,locks=3Dnone
[   77.860426] i915 0000:00:02.0: vgaarb: changed VGA decodes: olddecodes=
=3Dio+mem,decodes=3Dnone:owns=3Dio+mem
[   77.860444] pci 0000:08:00.0: Adding to iommu group 16
[   77.860482] pci 0000:08:00.1: [1002:aae8] type 00 class 0x040300
[   77.860549] pci 0000:08:00.1: reg 0x10: [mem 0x00000000-0x00003fff 64bit=
]
[   77.860658] pci 0000:08:00.1: enabling Extended Tags
[   77.860819] pci 0000:08:00.1: supports D1 D2
[   77.860977] pci 0000:08:00.1: Adding to iommu group 16
[   77.861054] pci 0000:07:01.0: PCI bridge to [bus 08-35]
[   77.861065] pci 0000:07:01.0:   bridge window [io  0x0000-0x0fff]
[   77.861070] pci 0000:07:01.0:   bridge window [mem 0x00000000-0x000fffff=
]
[   77.861081] pci 0000:07:01.0:   bridge window [mem 0x00000000-0x000fffff=
 64bit pref]
[   77.861083] pci_bus 0000:08: busn_res: [bus 08-35] end is updated to 08
[   77.861206] pci 0000:09:00.0: [8086:15b6] type 00 class 0x0c0330
